int m __attribute__ ((aligned (8))) = 5;
typedef int myInt __attribute__ ((__mode__ (SI)));
extern int *myLocation(void ) __attribute__ ((__const__));
extern int *myFoo(int x) __attribute__ ((__noreturn__));
extern int my_printf(void *my_obj, const char *my_fmt, ...) __attribute__ ((format (printf,2,3)));
int me_printf(void *my_obj, const char *my_fmt, ...) __attribute__ ((format (printf,2,3)));
struct x{
  int a __attribute__ ((aligned (16)));
  int b __attribute__ ((packed));
}y;

Symbols:
-------------
Symbol Table:
level: 1  nsyms: 2  nchild: 1
Scope Id: 1
HashTab:  #entries: 2  size: 5
[3]: Variable Name: __PRETTY_FUNCTION__:
Definition: NO definition for Variable entry!

-------------

[4]: Variable Name: __FUNCTION__:
Definition: NO definition for Variable entry!

-------------

level: 2  nsyms: 7  nchild: 4
Scope Id: 1_1
HashTab:  #entries: 7  size: 5
[1]: Variable Name: y:
Definition: struct x{
  int a __attribute__ ((aligned (16)));
  int b __attribute__ ((packed));
}y

-------------
Function Name: myFoo:
Definition: extern int *myFoo(int x) __attribute__ ((__noreturn__))
No Position.

-------------

[2]: Function Name: me_printf:
Definition: int me_printf(void *my_obj, const char *my_fmt, ...) __attribute__ ((format (printf,2,3)))
No Position.

-------------
Function Name: my_printf:
Definition: extern int my_printf(void *my_obj, const char *my_fmt, ...) __attribute__ ((format (printf,2,3)))
No Position.

-------------
Typedef Name: myInt:
Definition: typedef int myInt __attribute__ ((__mode__ (SI)))

-------------

[4]: Function Name: myLocation:
Definition: extern int *myLocation(void ) __attribute__ ((__const__))
No Position.

-------------
Variable Name: m:
Definition: int m __attribute__ ((aligned (8))) = 5

-------------

level: 3  nsyms: 1  nchild: 0
Scope Id: 1_1_1
HashTab:  #entries: 1  size: 5
[0]: Parameter Name: x:
Definition: int x

-------------

level: 3  nsyms: 2  nchild: 0
Scope Id: 1_1_2
HashTab:  #entries: 2  size: 5
[2]: Parameter Name: my_obj:
Definition: void *my_obj

-------------

[3]: Parameter Name: my_fmt:
Definition: const char *my_fmt

-------------

level: 3  nsyms: 2  nchild: 0
Scope Id: 1_1_3
HashTab:  #entries: 2  size: 5
[2]: Parameter Name: my_obj:
Definition: void *my_obj

-------------

[3]: Parameter Name: my_fmt:
Definition: const char *my_fmt

-------------

level: 3  nsyms: 2  nchild: 0
Scope Id: 1_1_4
HashTab:  #entries: 2  size: 5
[2]: Component Name: a:
Definition: int a __attribute__ ((aligned (16)))
Container: struct x{
  int a __attribute__ ((aligned (16)));
  int b __attribute__ ((packed));
}

-------------

[3]: Component Name: b:
Definition: int b __attribute__ ((packed))
Container: struct x{
  int a __attribute__ ((aligned (16)));
  int b __attribute__ ((packed));
}

-------------


-------------
Tags:
-------------
Symbol Table:
level: 1  nsyms: 0  nchild: 1
Scope Id: 1
HashTab: NULL
level: 2  nsyms: 1  nchild: 0
Scope Id: 1_1
HashTab:  #entries: 1  size: 5
[0]: Tag Name: x:
Definition: struct x{
  int a __attribute__ ((aligned (16)));
  int b __attribute__ ((packed));
}

-------------


-------------
Labels:
-------------
Symbol Table:
level: 1  nsyms: 0  nchild: 0
Scope Id: 1
HashTab: NULL

-------------
