int main()
{
  int a = 5;
  char b = 'm';

  switch (a)
  {
  case 1 ... 10:
  case 14:
    a++;
    break;
  }

  switch (b)
  {
  case 'A' ... 'Z':
    b += 'a' - 'A';
    break;
  case 'a' ... 'z':
    --b;
    break;
  }

  return 0;
}


Symbols:
-------------
Symbol Table:
level: 1  nsyms: 2  nchild: 1
Scope Id: 1
HashTab:  #entries: 2  size: 5
[3]: Variable Name: __PRETTY_FUNCTION__:
Definition: NO definition for Variable entry!

-------------

[4]: Variable Name: __FUNCTION__:
Definition: NO definition for Variable entry!

-------------

level: 2  nsyms: 1  nchild: 1
Scope Id: 1_1
HashTab:  #entries: 1  size: 5
[2]: Function Name: main:
Definition: int main()
Position: , 3, 0

-------------

level: 3  nsyms: 0  nchild: 1
Scope Id: 1_1_1
HashTab: NULL
level: 4  nsyms: 2  nchild: 0
Scope Id: 1_1_1_1
HashTab:  #entries: 2  size: 5
[2]: Variable Name: a:
Definition: int a = 5

-------------

[3]: Variable Name: b:
Definition: char b = 'm'

-------------


-------------
Tags:
-------------
Symbol Table:
level: 1  nsyms: 0  nchild: 0
Scope Id: 1
HashTab: NULL

-------------
Labels:
-------------
Symbol Table:
level: 1  nsyms: 0  nchild: 0
Scope Id: 1
HashTab: NULL

-------------
