
#include <stddef.h>

#include <stdio.h>

#include <sys/types.h>

int main$1_1$2_0$()
{
  int a$1_1_24$2_1$ = 5;
  char b$1_1_24$3_0$ = '\n';
  char *blah$1_1_24$2_0$ = "hello, \"world\"\n";

  break;
  continue;
  goto fish;
  return '\n';
  return "hello, \"world\"\n";
fish:
  return 0;
}


Symbols:
-------------
Symbol Table:
level: 1  nsyms: 2  nchild: 1
Scope Id: 1
HashTab:  #entries: 2  size: 5
[3]: Variable Name: __PRETTY_FUNCTION__:
Definition: NO definition for Variable entry


-------------

[4]: Variable Name: __FUNCTION__:
Definition: NO definition for Variable entry


-------------

level: 2  nsyms: 175  nchild: 24
Scope Id: 1_1
HashTab:  #entries: 175  size: 5
[0]: Variable Name: mktime:
Definition: extern time_t$1_1$3_14$ mktime$1_1$0_0$(struct tm$1_1$3_0$ *)

-------------
Variable Name: adjtime:
Definition: int adjtime$1_1$0_1$(struct timeval$1_1$4_1$ *, struct timeval$1_1$4_1$ *)

-------------
Typedef Name: hrtime_t:
Definition: typedef longlong_t$1_1$4_15$ hrtime_t$1_1$0_2$

-------------
Typedef Name: ulong:
Definition: typedef unsigned long ulong$1_1$0_3$

-------------
Typedef Name: pthread_condattr_t:
Definition: typedef struct _pthread_condattr$1_1$1_1${
  void *__pthread_condattrp$1_1_14$3_0$;
}pthread_condattr_t$1_1$0_4$

-------------
Typedef Name: mode_t:
Definition: typedef ulong_t$1_1$2_14$ mode_t$1_1$0_5$

-------------
Typedef Name: o_dev_t:
Definition: typedef short o_dev_t$1_1$0_6$

-------------
Typedef Name: major_t:
Definition: typedef ulong_t$1_1$2_14$ major_t$1_1$0_7$

-------------
Typedef Name: id_t:
Definition: typedef long id_t$1_1$0_8$

-------------
Typedef Name: k_fltset_t:
Definition: typedef ulong_t$1_1$2_14$ k_fltset_t$1_1$0_9$

-------------
Typedef Name: diskaddr_t:
Definition: typedef longlong_t$1_1$4_15$ diskaddr_t$1_1$0_10$

-------------
Typedef Name: u_offset_t:
Definition: typedef u_longlong_t$1_1$0_18$ u_offset_t$1_1$0_11$

-------------
Typedef Name: pad64_t:
Definition: typedef union {
  double _d$1_1_6$3_0$;
  int32_t$1_1$2_15$ _l$1_1_6$0_0$[2];
}pad64_t$1_1$0_12$

-------------
Typedef Name: boolean_t:
Definition: typedef enum  { B_FALSE$1_1$2_13$, B_TRUE$1_1$2_12$ }boolean_t$1_1$0_13$

-------------
Typedef Name: off_t:
Definition: typedef long off_t$1_1$0_14$

-------------
Typedef Name: use_t:
Definition: typedef uchar_t$1_1$1_19$ use_t$1_1$0_15$

-------------
Typedef Name: uint_t:
Definition: typedef unsigned int uint_t$1_1$0_16$

-------------
Typedef Name: ushort_t:
Definition: typedef unsigned short ushort_t$1_1$0_17$

-------------
Typedef Name: u_longlong_t:
Definition: typedef union {
  double _d$1_1_5$3_0$;
  unsigned long _l$1_1_5$0_0$[2];
}u_longlong_t$1_1$0_18$

-------------
Typedef Name: uintptr_t:
Definition: typedef unsigned int uintptr_t$1_1$0_19$

-------------
Typedef Name: intptr_t:
Definition: typedef int intptr_t$1_1$0_20$

-------------
Variable Name: feof:
Definition: extern int feof$1_1$0_21$(FILE$1_1$4_29$ *)

-------------
Variable Name: rewind:
Definition: extern void rewind$1_1$0_22$(FILE$1_1$4_29$ *)

-------------
Variable Name: fgetpos:
Definition: extern int fgetpos$1_1$0_23$(FILE$1_1$4_29$ *, fpos_t$1_1$4_30$ *)

-------------
Variable Name: putchar:
Definition: extern int putchar$1_1$0_24$(int )

-------------
Variable Name: putc:
Definition: extern int putc$1_1$0_25$(int , FILE$1_1$4_29$ *)

-------------
Variable Name: fputc:
Definition: extern int fputc$1_1$0_26$(int , FILE$1_1$4_29$ *)

-------------
Variable Name: fgetc:
Definition: extern int fgetc$1_1$0_27$(FILE$1_1$4_29$ *)

-------------
Variable Name: snprintf:
Definition: extern int snprintf$1_1$0_28$(char *, size_t$1_1$1_36$ , const char *, ...)

-------------
Variable Name: printf:
Definition: extern int printf$1_1$0_29$(const char *, ...)

-------------
Variable Name: fprintf:
Definition: extern int fprintf$1_1$0_30$(FILE$1_1$4_29$ *, const char *, ...)

-------------
Variable Name: _sibuf:
Definition: extern unsigned char _sibuf$1_1$0_31$[]

-------------

[1]: Typedef Name: fds_mask:
Definition: typedef long fds_mask$1_1$1_0$

-------------
Variable Name: gethrtime:
Definition: hrtime_t$1_1$0_2$ gethrtime$1_1$1_1$(void )

-------------
Typedef Name: timespec_t:
Definition: typedef struct timespec$1_1$1_0${
  time_t$1_1$3_14$ tv_sec$1_1_20$0_0$;
  long tv_nsec$1_1_20$2_0$;
}timespec_t$1_1$1_2$

-------------
Typedef Name: u_short:
Definition: typedef unsigned short u_short$1_1$1_3$

-------------
Typedef Name: uint:
Definition: typedef unsigned int uint$1_1$1_4$

-------------
Typedef Name: pthread_cond_t:
Definition: typedef struct _pthread_cond$1_1$4_4${
  struct {
    uint8_t$1_1$1_25$ __pthread_cond_flag$1_1_11_1$3_1$[4];
    uint32_t$1_1$1_23$ __pthread_cond_type$1_1_11_1$3_0$;
  }__pthread_cond_flags$1_1_11$4_0$;
  upad64_t$1_1$4_11$ __pthread_cond_data$1_1_11$1_0$;
}pthread_cond_t$1_1$1_5$

-------------
Typedef Name: pthread_key_t:
Definition: typedef unsigned int pthread_key_t$1_1$1_6$

-------------
Typedef Name: pthread_t:
Definition: typedef unsigned int pthread_t$1_1$1_7$

-------------
Typedef Name: dev_t:
Definition: typedef ulong_t$1_1$2_14$ dev_t$1_1$1_8$

-------------
Typedef Name: uid_t:
Definition: typedef long uid_t$1_1$1_9$

-------------
Typedef Name: key_t:
Definition: typedef int key_t$1_1$1_10$

-------------
Typedef Name: o_pid_t:
Definition: typedef short o_pid_t$1_1$1_11$

-------------
Typedef Name: o_gid_t:
Definition: typedef o_uid_t$1_1$4_9$ o_gid_t$1_1$1_12$

-------------
Typedef Name: o_mode_t:
Definition: typedef ushort_t$1_1$0_17$ o_mode_t$1_1$1_13$

-------------
Typedef Name: lldaddr_t:
Definition: typedef union {
  diskaddr_t$1_1$0_10$ _f$1_1_9$1_1$;
  struct {
    long _u$1_1_9_1$3_0$;
    daddr_t$1_1$3_26$ _l$1_1_9_1$0_0$;
  }_p$1_1_9$1_0$;
}lldaddr_t$1_1$1_14$

-------------
Typedef Name: lloff_t:
Definition: typedef union {
  offset_t$1_1$3_22$ _f$1_1_8$1_1$;
  struct {
    long _u$1_1_8_1$3_0$;
    off_t$1_1$0_14$ _l$1_1_8_1$0_0$;
  }_p$1_1_8$1_0$;
}lloff_t$1_1$1_15$

-------------
Typedef Name: sysid_t:
Definition: typedef short sysid_t$1_1$1_16$

-------------
Typedef Name: paddr_t:
Definition: typedef ulong_t$1_1$2_14$ paddr_t$1_1$1_17$

-------------
Typedef Name: caddr_t:
Definition: typedef char *caddr_t$1_1$1_18$

-------------
Typedef Name: uchar_t:
Definition: typedef unsigned char uchar_t$1_1$1_19$

-------------
Typedef Name: uint_least8_t:
Definition: typedef unsigned char uint_least8_t$1_1$1_20$

-------------
Typedef Name: int_least8_t:
Definition: typedef char int_least8_t$1_1$1_21$

-------------
Typedef Name: intmax_t:
Definition: typedef int32_t$1_1$2_15$ intmax_t$1_1$1_22$

-------------
Typedef Name: uint32_t:
Definition: typedef unsigned int uint32_t$1_1$1_23$

-------------
Typedef Name: uint16_t:
Definition: typedef unsigned short uint16_t$1_1$1_24$

-------------
Typedef Name: uint8_t:
Definition: typedef unsigned char uint8_t$1_1$1_25$

-------------
Typedef Name: label_t:
Definition: typedef struct _label_t$1_1$0_2${
  int val$1_1_3$4_0$[2];
}label_t$1_1$1_26$

-------------
Variable Name: clearerr:
Definition: extern void clearerr$1_1$1_27$(FILE$1_1$4_29$ *)

-------------
Variable Name: getchar:
Definition: extern int getchar$1_1$1_28$(void )

-------------
Variable Name: getc:
Definition: extern int getc$1_1$1_29$(FILE$1_1$4_29$ *)

-------------
Variable Name: fgets:
Definition: extern char *fgets$1_1$1_30$(char *, int , FILE$1_1$4_29$ *)

-------------
Variable Name: sprintf:
Definition: extern int sprintf$1_1$1_31$(char *, const char *, ...)

-------------
Variable Name: rename:
Definition: extern int rename$1_1$1_32$(const char *, const char *)

-------------
Variable Name: _sobuf:
Definition: extern unsigned char _sobuf$1_1$1_33$[]

-------------
Typedef Name: __va_list:
Definition: typedef void *__va_list$1_1$1_34$

-------------
Typedef Name: wint_t:
Definition: typedef unsigned int wint_t$1_1$1_35$

-------------
Typedef Name: size_t:
Definition: typedef unsigned int size_t$1_1$1_36$

-------------
Typedef Name: ptrdiff_t:
Definition: typedef int ptrdiff_t$1_1$1_37$

-------------

[2]: Variable Name: main:
Definition: int main$1_1$2_0$()

-------------
Variable Name: localtime:
Definition: extern struct tm$1_1$3_0$ *localtime$1_1$2_1$(const time_t$1_1$3_14$ *)

-------------
Variable Name: gmtime:
Definition: extern struct tm$1_1$3_0$ *gmtime$1_1$2_2$(const time_t$1_1$3_14$ *)

-------------
Typedef Name: quad:
Definition: typedef struct _quad$1_1$2_1${
  long val$1_1_16$4_0$[2];
}quad$1_1$2_3$

-------------
Typedef Name: u_char:
Definition: typedef unsigned char u_char$1_1$2_4$

-------------
Typedef Name: unchar:
Definition: typedef unsigned char unchar$1_1$2_5$

-------------
Typedef Name: clockid_t:
Definition: typedef int clockid_t$1_1$2_6$

-------------
Typedef Name: ssize_t:
Definition: typedef int ssize_t$1_1$2_7$

-------------
Typedef Name: pthread_attr_t:
Definition: typedef struct _pthread_attr$1_1$4_3${
  void *__pthread_attrp$1_1_12$3_0$;
}pthread_attr_t$1_1$2_8$

-------------
Typedef Name: nlink_t:
Definition: typedef ulong_t$1_1$2_14$ nlink_t$1_1$2_9$

-------------
Typedef Name: gid_t:
Definition: typedef uid_t$1_1$1_9$ gid_t$1_1$2_10$

-------------
Typedef Name: o_ino_t:
Definition: typedef ushort_t$1_1$0_17$ o_ino_t$1_1$2_11$

-------------
Enumeration constant Name: B_TRUE:
Definition: NO definition for Enumeration constant entry


-------------
Enumeration constant Name: B_FALSE:
Definition: NO definition for Enumeration constant entry


-------------
Typedef Name: ulong_t:
Definition: typedef unsigned long ulong_t$1_1$2_14$

-------------
Typedef Name: int32_t:
Definition: typedef int int32_t$1_1$2_15$

-------------
Typedef Name: int16_t:
Definition: typedef short int16_t$1_1$2_16$

-------------
Typedef Name: int8_t:
Definition: typedef char int8_t$1_1$2_17$

-------------
Variable Name: gets:
Definition: extern char *gets$1_1$2_18$(char *)

-------------
Variable Name: vsprintf:
Definition: extern int vsprintf$1_1$2_19$(char *, const char *, __va_list$1_1$1_34$ )

-------------
Variable Name: scanf:
Definition: extern int scanf$1_1$2_20$(const char *, ...)

-------------
Variable Name: setlinebuf:
Definition: extern int setlinebuf$1_1$2_21$(FILE$1_1$4_29$ *)

-------------
Variable Name: fflush:
Definition: extern int fflush$1_1$2_22$(FILE$1_1$4_29$ *)

-------------
Variable Name: remove:
Definition: extern int remove$1_1$2_23$(const char *)

-------------
Variable Name: __iob:
Definition: extern FILE$1_1$4_29$ __iob$1_1$2_24$[20]

-------------

[3]: Variable Name: select:
Definition: extern int select$1_1$3_0$(int , fd_set$1_1$4_0$ *, fd_set$1_1$4_0$ *, fd_set$1_1$4_0$ *, struct timeval$1_1$4_1$ *)

-------------
Typedef Name: fd_mask:
Definition: typedef long fd_mask$1_1$3_1$

-------------
Variable Name: strftime:
Definition: extern size_t$1_1$1_36$ strftime$1_1$3_2$(char *, size_t$1_1$1_36$ , const char *, const struct tm$1_1$3_0$ *)

-------------
Variable Name: ctime:
Definition: extern char *ctime$1_1$3_3$(const time_t$1_1$3_14$ *)

-------------
Variable Name: difftime:
Definition: extern double difftime$1_1$3_4$(time_t$1_1$3_14$ , time_t$1_1$3_14$ )

-------------
Variable Name: gethrvtime:
Definition: hrtime_t$1_1$0_2$ gethrvtime$1_1$3_5$(void )

-------------
Variable Name: setitimer:
Definition: int setitimer$1_1$3_6$(int , struct itimerval$1_1$0_1$ *, struct itimerval$1_1$0_1$ *)

-------------
Variable Name: getitimer:
Definition: int getitimer$1_1$3_7$(int , struct itimerval$1_1$0_1$ *)

-------------
Typedef Name: itimerspec_t:
Definition: typedef struct itimerspec$1_1$0_0${
  struct timespec$1_1$1_0$ it_interval$1_1_21$4_1$;
  struct timespec$1_1$1_0$ it_value$1_1_21$4_0$;
}itimerspec_t$1_1$3_8$

-------------
Typedef Name: u_int:
Definition: typedef unsigned int u_int$1_1$3_9$

-------------
Typedef Name: hostid_t:
Definition: typedef long hostid_t$1_1$3_10$

-------------
Typedef Name: ushort:
Definition: typedef unsigned short ushort$1_1$3_11$

-------------
Typedef Name: timer_t:
Definition: typedef int timer_t$1_1$3_12$

-------------
Typedef Name: clock_t:
Definition: typedef long clock_t$1_1$3_13$

-------------
Typedef Name: time_t:
Definition: typedef long time_t$1_1$3_14$

-------------
Typedef Name: pthread_mutexattr_t:
Definition: typedef struct _pthread_mutexattr$1_1$1_2${
  void *__pthread_mutexattrp$1_1_13$1_0$;
}pthread_mutexattr_t$1_1$3_15$

-------------
Typedef Name: pthread_mutex_t:
Definition: typedef struct _pthread_mutex$1_1$2_2${
  struct {
    uint8_t$1_1$1_25$ __pthread_mutex_flag$1_1_10_1$0_0$[4];
    uint32_t$1_1$1_23$ __pthread_mutex_type$1_1_10_1$4_0$;
  }__pthread_mutex_flags$1_1_10$4_0$;
  union {
    struct {
      uint8_t$1_1$1_25$ __pthread_mutex_pad$1_1_10_2_1$2_0$[8];
    }__pthread_mutex_lock64$1_1_10_2$4_0$;
    upad64_t$1_1$4_11$ __pthread_mutex_owner64$1_1_10_2$1_0$;
  }__pthread_mutex_lock$1_1_10$1_0$;
  upad64_t$1_1$4_11$ __pthread_mutex_data$1_1_10$3_0$;
}pthread_mutex_t$1_1$3_16$

-------------
Typedef Name: pid_t:
Definition: typedef long pid_t$1_1$3_17$

-------------
Typedef Name: o_nlink_t:
Definition: typedef short o_nlink_t$1_1$3_18$

-------------
Typedef Name: minor_t:
Definition: typedef ulong_t$1_1$2_14$ minor_t$1_1$3_19$

-------------
Typedef Name: useconds_t:
Definition: typedef uint_t$1_1$0_16$ useconds_t$1_1$3_20$

-------------
Typedef Name: len_t:
Definition: typedef u_longlong_t$1_1$0_18$ len_t$1_1$3_21$

-------------
Typedef Name: offset_t:
Definition: typedef longlong_t$1_1$4_15$ offset_t$1_1$3_22$

-------------
Typedef Name: fsfilcnt_t:
Definition: typedef ulong_t$1_1$2_14$ fsfilcnt_t$1_1$3_23$

-------------
Typedef Name: blkcnt_t:
Definition: typedef long blkcnt_t$1_1$3_24$

-------------
Typedef Name: index_t:
Definition: typedef short index_t$1_1$3_25$

-------------
Typedef Name: daddr_t:
Definition: typedef long daddr_t$1_1$3_26$

-------------
Typedef Name: uint_least32_t:
Definition: typedef unsigned int uint_least32_t$1_1$3_27$

-------------
Typedef Name: uint_least16_t:
Definition: typedef unsigned short uint_least16_t$1_1$3_28$

-------------
Typedef Name: int_least32_t:
Definition: typedef int int_least32_t$1_1$3_29$

-------------
Typedef Name: int_least16_t:
Definition: typedef short int_least16_t$1_1$3_30$

-------------
Typedef Name: lock_t:
Definition: typedef unsigned char lock_t$1_1$3_31$

-------------
Typedef Name: physadr_t:
Definition: typedef struct _physadr_t$1_1$1_3${
  int r$1_1_2$4_0$[1];
}*physadr_t$1_1$3_32$

-------------
Variable Name: __flsbuf:
Definition: extern int __flsbuf$1_1$3_33$(int , FILE$1_1$4_29$ *)

-------------
Variable Name: ferror:
Definition: extern int ferror$1_1$3_34$(FILE$1_1$4_29$ *)

-------------
Variable Name: ftell:
Definition: extern long ftell$1_1$3_35$(FILE$1_1$4_29$ *)

-------------
Variable Name: fwrite:
Definition: extern size_t$1_1$1_36$ fwrite$1_1$3_36$(const void *, size_t$1_1$1_36$ , size_t$1_1$1_36$ , FILE$1_1$4_29$ *)

-------------
Variable Name: fread:
Definition: extern size_t$1_1$1_36$ fread$1_1$3_37$(void *, size_t$1_1$1_36$ , size_t$1_1$1_36$ , FILE$1_1$4_29$ *)

-------------
Variable Name: ungetc:
Definition: extern int ungetc$1_1$3_38$(int , FILE$1_1$4_29$ *)

-------------
Variable Name: vfprintf:
Definition: extern int vfprintf$1_1$3_39$(FILE$1_1$4_29$ *, const char *, __va_list$1_1$1_34$ )

-------------
Variable Name: fscanf:
Definition: extern int fscanf$1_1$3_40$(FILE$1_1$4_29$ *, const char *, ...)

-------------
Variable Name: setbuffer:
Definition: extern void setbuffer$1_1$3_41$(FILE$1_1$4_29$ *, char *, size_t$1_1$1_36$ )

-------------
Variable Name: setbuf:
Definition: extern void setbuf$1_1$3_42$(FILE$1_1$4_29$ *, char *)

-------------
Variable Name: fopen:
Definition: extern FILE$1_1$4_29$ *fopen$1_1$3_43$(const char *, const char *)

-------------
Variable Name: fclose:
Definition: extern int fclose$1_1$3_44$(FILE$1_1$4_29$ *)

-------------
Variable Name: tmpfile:
Definition: extern FILE$1_1$4_29$ *tmpfile$1_1$3_45$(void )

-------------
Variable Name: _bufendtab:
Definition: extern unsigned char *_bufendtab$1_1$3_46$[]

-------------
Variable Name: _lastbuf:
Definition: extern FILE$1_1$4_29$ *_lastbuf$1_1$3_47$

-------------
Typedef Name: wchar_t:
Definition: typedef long wchar_t$1_1$3_48$

-------------

[4]: Typedef Name: fd_set:
Definition: typedef struct fd_set$1_1$4_0${
  long fds_bits$1_1_23$1_0$[(1024 + (sizeof(fds_mask$1_1$1_0$ )  * 8 - 1)) / (sizeof(fds_mask$1_1$1_0$ )  * 8)];
}fd_set$1_1$4_0$

-------------
Variable Name: asctime:
Definition: extern char *asctime$1_1$4_1$(const struct tm$1_1$3_0$ *)

-------------
Variable Name: time:
Definition: extern time_t$1_1$3_14$ time$1_1$4_2$(time_t$1_1$3_14$ *)

-------------
Variable Name: clock:
Definition: extern clock_t$1_1$3_13$ clock$1_1$4_3$(void )

-------------
Variable Name: gettimeofday:
Definition: int gettimeofday$1_1$4_4$(struct timeval$1_1$4_1$ *, void *)

-------------
Variable Name: settimeofday:
Definition: int settimeofday$1_1$4_5$(struct timeval$1_1$4_1$ *, void *)

-------------
Typedef Name: timestruc_t:
Definition: typedef struct timespec$1_1$1_0$ timestruc_t$1_1$4_6$

-------------
Typedef Name: u_long:
Definition: typedef unsigned long u_long$1_1$4_7$

-------------
Typedef Name: pthread_once_t:
Definition: typedef struct _once$1_1$4_2${
  upad64_t$1_1$4_11$ __pthread_once_pad$1_1_15$1_0$[4];
}pthread_once_t$1_1$4_8$

-------------
Typedef Name: o_uid_t:
Definition: typedef ushort_t$1_1$0_17$ o_uid_t$1_1$4_9$

-------------
Typedef Name: pri_t:
Definition: typedef short pri_t$1_1$4_10$

-------------
Typedef Name: upad64_t:
Definition: typedef union {
  double _d$1_1_7$3_0$;
  uint32_t$1_1$1_23$ _l$1_1_7$0_0$[2];
}upad64_t$1_1$4_11$

-------------
Typedef Name: fsblkcnt_t:
Definition: typedef ulong_t$1_1$2_14$ fsblkcnt_t$1_1$4_12$

-------------
Typedef Name: ino_t:
Definition: typedef ulong_t$1_1$2_14$ ino_t$1_1$4_13$

-------------
Typedef Name: cnt_t:
Definition: typedef short cnt_t$1_1$4_14$

-------------
Typedef Name: longlong_t:
Definition: typedef union {
  double _d$1_1_4$3_0$;
  long _l$1_1_4$0_0$[2];
}longlong_t$1_1$4_15$

-------------
Typedef Name: uintmax_t:
Definition: typedef uint32_t$1_1$1_23$ uintmax_t$1_1$4_16$

-------------
Variable Name: __filbuf:
Definition: extern int __filbuf$1_1$4_17$(FILE$1_1$4_29$ *)

-------------
Variable Name: perror:
Definition: extern void perror$1_1$4_18$(const char *)

-------------
Variable Name: fsetpos:
Definition: extern int fsetpos$1_1$4_19$(FILE$1_1$4_29$ *, const fpos_t$1_1$4_30$ *)

-------------
Variable Name: fseek:
Definition: extern int fseek$1_1$4_20$(FILE$1_1$4_29$ *, long , int )

-------------
Variable Name: puts:
Definition: extern int puts$1_1$4_21$(const char *)

-------------
Variable Name: fputs:
Definition: extern int fputs$1_1$4_22$(const char *, FILE$1_1$4_29$ *)

-------------
Variable Name: vsnprintf:
Definition: extern int vsnprintf$1_1$4_23$(char *, size_t$1_1$1_36$ , const char *, __va_list$1_1$1_34$ )

-------------
Variable Name: vprintf:
Definition: extern int vprintf$1_1$4_24$(const char *, __va_list$1_1$1_34$ )

-------------
Variable Name: sscanf:
Definition: extern int sscanf$1_1$4_25$(const char *, const char *, ...)

-------------
Variable Name: setvbuf:
Definition: extern int setvbuf$1_1$4_26$(FILE$1_1$4_29$ *, char *, int , size_t$1_1$1_36$ )

-------------
Variable Name: freopen:
Definition: extern FILE$1_1$4_29$ *freopen$1_1$4_27$(const char *, const char *, FILE$1_1$4_29$ *)

-------------
Variable Name: tmpnam:
Definition: extern char *tmpnam$1_1$4_28$(char *)

-------------
Typedef Name: FILE:
Definition: typedef struct {
  int _cnt$1_1_1$3_1$;
  unsigned char *_ptr$1_1_1$0_1$;
  unsigned char *_base$1_1_1$3_0$;
  unsigned char _flag$1_1_1$0_0$;
  unsigned char _file$1_1_1$4_0$;
}FILE$1_1$4_29$

-------------
Typedef Name: fpos_t:
Definition: typedef long fpos_t$1_1$4_30$

-------------

level: 3  nsyms: 5  nchild: 0
Scope Id: 1_1_1
HashTab:  #entries: 5  size: 5
[0]: Variable Name: _flag:
Definition: unsigned char _flag$1_1_1$0_0$
Container:
struct {
  int _cnt$1_1_1$3_1$;
  unsigned char *_ptr$1_1_1$0_1$;
  unsigned char *_base$1_1_1$3_0$;
  unsigned char _flag$1_1_1$0_0$;
  unsigned char _file$1_1_1$4_0$;
}
-------------
Variable Name: _ptr:
Definition: unsigned char *_ptr$1_1_1$0_1$
Container:
struct {
  int _cnt$1_1_1$3_1$;
  unsigned char *_ptr$1_1_1$0_1$;
  unsigned char *_base$1_1_1$3_0$;
  unsigned char _flag$1_1_1$0_0$;
  unsigned char _file$1_1_1$4_0$;
}
-------------

[3]: Variable Name: _base:
Definition: unsigned char *_base$1_1_1$3_0$
Container:
struct {
  int _cnt$1_1_1$3_1$;
  unsigned char *_ptr$1_1_1$0_1$;
  unsigned char *_base$1_1_1$3_0$;
  unsigned char _flag$1_1_1$0_0$;
  unsigned char _file$1_1_1$4_0$;
}
-------------
Variable Name: _cnt:
Definition: int _cnt$1_1_1$3_1$
Container:
struct {
  int _cnt$1_1_1$3_1$;
  unsigned char *_ptr$1_1_1$0_1$;
  unsigned char *_base$1_1_1$3_0$;
  unsigned char _flag$1_1_1$0_0$;
  unsigned char _file$1_1_1$4_0$;
}
-------------

[4]: Variable Name: _file:
Definition: unsigned char _file$1_1_1$4_0$
Container:
struct {
  int _cnt$1_1_1$3_1$;
  unsigned char *_ptr$1_1_1$0_1$;
  unsigned char *_base$1_1_1$3_0$;
  unsigned char _flag$1_1_1$0_0$;
  unsigned char _file$1_1_1$4_0$;
}
-------------

level: 3  nsyms: 1  nchild: 0
Scope Id: 1_1_2
HashTab:  #entries: 1  size: 5
[4]: Variable Name: r:
Definition: int r$1_1_2$4_0$[1]
Container:
struct _physadr_t$1_1$1_3${
  int r$1_1_2$4_0$[1];
}
-------------

level: 3  nsyms: 1  nchild: 0
Scope Id: 1_1_3
HashTab:  #entries: 1  size: 5
[4]: Variable Name: val:
Definition: int val$1_1_3$4_0$[2]
Container:
struct _label_t$1_1$0_2${
  int val$1_1_3$4_0$[2];
}
-------------

level: 3  nsyms: 2  nchild: 0
Scope Id: 1_1_4
HashTab:  #entries: 2  size: 5
[0]: Variable Name: _l:
Definition: long _l$1_1_4$0_0$[2]
Container:
union {
  double _d$1_1_4$3_0$;
  long _l$1_1_4$0_0$[2];
}
-------------

[3]: Variable Name: _d:
Definition: double _d$1_1_4$3_0$
Container:
union {
  double _d$1_1_4$3_0$;
  long _l$1_1_4$0_0$[2];
}
-------------

level: 3  nsyms: 2  nchild: 0
Scope Id: 1_1_5
HashTab:  #entries: 2  size: 5
[0]: Variable Name: _l:
Definition: unsigned long _l$1_1_5$0_0$[2]
Container:
union {
  double _d$1_1_5$3_0$;
  unsigned long _l$1_1_5$0_0$[2];
}
-------------

[3]: Variable Name: _d:
Definition: double _d$1_1_5$3_0$
Container:
union {
  double _d$1_1_5$3_0$;
  unsigned long _l$1_1_5$0_0$[2];
}
-------------

level: 3  nsyms: 2  nchild: 0
Scope Id: 1_1_6
HashTab:  #entries: 2  size: 5
[0]: Variable Name: _l:
Definition: int32_t$1_1$2_15$ _l$1_1_6$0_0$[2]
Container:
union {
  double _d$1_1_6$3_0$;
  int32_t$1_1$2_15$ _l$1_1_6$0_0$[2];
}
-------------

[3]: Variable Name: _d:
Definition: double _d$1_1_6$3_0$
Container:
union {
  double _d$1_1_6$3_0$;
  int32_t$1_1$2_15$ _l$1_1_6$0_0$[2];
}
-------------

level: 3  nsyms: 2  nchild: 0
Scope Id: 1_1_7
HashTab:  #entries: 2  size: 5
[0]: Variable Name: _l:
Definition: uint32_t$1_1$1_23$ _l$1_1_7$0_0$[2]
Container:
union {
  double _d$1_1_7$3_0$;
  uint32_t$1_1$1_23$ _l$1_1_7$0_0$[2];
}
-------------

[3]: Variable Name: _d:
Definition: double _d$1_1_7$3_0$
Container:
union {
  double _d$1_1_7$3_0$;
  uint32_t$1_1$1_23$ _l$1_1_7$0_0$[2];
}
-------------

level: 3  nsyms: 2  nchild: 1
Scope Id: 1_1_8
HashTab:  #entries: 2  size: 5
[1]: Variable Name: _p:
Definition: struct {
  long _u$1_1_8_1$3_0$;
  off_t$1_1$0_14$ _l$1_1_8_1$0_0$;
}_p$1_1_8$1_0$
Container:
union {
  offset_t$1_1$3_22$ _f$1_1_8$1_1$;
  struct {
    long _u$1_1_8_1$3_0$;
    off_t$1_1$0_14$ _l$1_1_8_1$0_0$;
  }_p$1_1_8$1_0$;
}
-------------
Variable Name: _f:
Definition: offset_t$1_1$3_22$ _f$1_1_8$1_1$
Container:
union {
  offset_t$1_1$3_22$ _f$1_1_8$1_1$;
  struct {
    long _u$1_1_8_1$3_0$;
    off_t$1_1$0_14$ _l$1_1_8_1$0_0$;
  }_p$1_1_8$1_0$;
}
-------------

level: 4  nsyms: 2  nchild: 0
Scope Id: 1_1_8_1
HashTab:  #entries: 2  size: 5
[0]: Variable Name: _l:
Definition: off_t$1_1$0_14$ _l$1_1_8_1$0_0$
Container:
struct {
  long _u$1_1_8_1$3_0$;
  off_t$1_1$0_14$ _l$1_1_8_1$0_0$;
}
-------------

[3]: Variable Name: _u:
Definition: long _u$1_1_8_1$3_0$
Container:
struct {
  long _u$1_1_8_1$3_0$;
  off_t$1_1$0_14$ _l$1_1_8_1$0_0$;
}
-------------

level: 3  nsyms: 2  nchild: 1
Scope Id: 1_1_9
HashTab:  #entries: 2  size: 5
[1]: Variable Name: _p:
Definition: struct {
  long _u$1_1_9_1$3_0$;
  daddr_t$1_1$3_26$ _l$1_1_9_1$0_0$;
}_p$1_1_9$1_0$
Container:
union {
  diskaddr_t$1_1$0_10$ _f$1_1_9$1_1$;
  struct {
    long _u$1_1_9_1$3_0$;
    daddr_t$1_1$3_26$ _l$1_1_9_1$0_0$;
  }_p$1_1_9$1_0$;
}
-------------
Variable Name: _f:
Definition: diskaddr_t$1_1$0_10$ _f$1_1_9$1_1$
Container:
union {
  diskaddr_t$1_1$0_10$ _f$1_1_9$1_1$;
  struct {
    long _u$1_1_9_1$3_0$;
    daddr_t$1_1$3_26$ _l$1_1_9_1$0_0$;
  }_p$1_1_9$1_0$;
}
-------------

level: 4  nsyms: 2  nchild: 0
Scope Id: 1_1_9_1
HashTab:  #entries: 2  size: 5
[0]: Variable Name: _l:
Definition: daddr_t$1_1$3_26$ _l$1_1_9_1$0_0$
Container:
struct {
  long _u$1_1_9_1$3_0$;
  daddr_t$1_1$3_26$ _l$1_1_9_1$0_0$;
}
-------------

[3]: Variable Name: _u:
Definition: long _u$1_1_9_1$3_0$
Container:
struct {
  long _u$1_1_9_1$3_0$;
  daddr_t$1_1$3_26$ _l$1_1_9_1$0_0$;
}
-------------

level: 3  nsyms: 3  nchild: 2
Scope Id: 1_1_10
HashTab:  #entries: 3  size: 5
[1]: Variable Name: __pthread_mutex_lock:
Definition: union {
  struct {
    uint8_t$1_1$1_25$ __pthread_mutex_pad$1_1_10_2_1$2_0$[8];
  }__pthread_mutex_lock64$1_1_10_2$4_0$;
  upad64_t$1_1$4_11$ __pthread_mutex_owner64$1_1_10_2$1_0$;
}__pthread_mutex_lock$1_1_10$1_0$
Container:
struct _pthread_mutex$1_1$2_2${
  struct {
    uint8_t$1_1$1_25$ __pthread_mutex_flag$1_1_10_1$0_0$[4];
    uint32_t$1_1$1_23$ __pthread_mutex_type$1_1_10_1$4_0$;
  }__pthread_mutex_flags$1_1_10$4_0$;
  union {
    struct {
      uint8_t$1_1$1_25$ __pthread_mutex_pad$1_1_10_2_1$2_0$[8];
    }__pthread_mutex_lock64$1_1_10_2$4_0$;
    upad64_t$1_1$4_11$ __pthread_mutex_owner64$1_1_10_2$1_0$;
  }__pthread_mutex_lock$1_1_10$1_0$;
  upad64_t$1_1$4_11$ __pthread_mutex_data$1_1_10$3_0$;
}
-------------

[3]: Variable Name: __pthread_mutex_data:
Definition: upad64_t$1_1$4_11$ __pthread_mutex_data$1_1_10$3_0$
Container:
struct _pthread_mutex$1_1$2_2${
  struct {
    uint8_t$1_1$1_25$ __pthread_mutex_flag$1_1_10_1$0_0$[4];
    uint32_t$1_1$1_23$ __pthread_mutex_type$1_1_10_1$4_0$;
  }__pthread_mutex_flags$1_1_10$4_0$;
  union {
    struct {
      uint8_t$1_1$1_25$ __pthread_mutex_pad$1_1_10_2_1$2_0$[8];
    }__pthread_mutex_lock64$1_1_10_2$4_0$;
    upad64_t$1_1$4_11$ __pthread_mutex_owner64$1_1_10_2$1_0$;
  }__pthread_mutex_lock$1_1_10$1_0$;
  upad64_t$1_1$4_11$ __pthread_mutex_data$1_1_10$3_0$;
}
-------------

[4]: Variable Name: __pthread_mutex_flags:
Definition: struct {
  uint8_t$1_1$1_25$ __pthread_mutex_flag$1_1_10_1$0_0$[4];
  uint32_t$1_1$1_23$ __pthread_mutex_type$1_1_10_1$4_0$;
}__pthread_mutex_flags$1_1_10$4_0$
Container:
struct _pthread_mutex$1_1$2_2${
  struct {
    uint8_t$1_1$1_25$ __pthread_mutex_flag$1_1_10_1$0_0$[4];
    uint32_t$1_1$1_23$ __pthread_mutex_type$1_1_10_1$4_0$;
  }__pthread_mutex_flags$1_1_10$4_0$;
  union {
    struct {
      uint8_t$1_1$1_25$ __pthread_mutex_pad$1_1_10_2_1$2_0$[8];
    }__pthread_mutex_lock64$1_1_10_2$4_0$;
    upad64_t$1_1$4_11$ __pthread_mutex_owner64$1_1_10_2$1_0$;
  }__pthread_mutex_lock$1_1_10$1_0$;
  upad64_t$1_1$4_11$ __pthread_mutex_data$1_1_10$3_0$;
}
-------------

level: 4  nsyms: 2  nchild: 0
Scope Id: 1_1_10_1
HashTab:  #entries: 2  size: 5
[0]: Variable Name: __pthread_mutex_flag:
Definition: uint8_t$1_1$1_25$ __pthread_mutex_flag$1_1_10_1$0_0$[4]
Container:
struct {
  uint8_t$1_1$1_25$ __pthread_mutex_flag$1_1_10_1$0_0$[4];
  uint32_t$1_1$1_23$ __pthread_mutex_type$1_1_10_1$4_0$;
}
-------------

[4]: Variable Name: __pthread_mutex_type:
Definition: uint32_t$1_1$1_23$ __pthread_mutex_type$1_1_10_1$4_0$
Container:
struct {
  uint8_t$1_1$1_25$ __pthread_mutex_flag$1_1_10_1$0_0$[4];
  uint32_t$1_1$1_23$ __pthread_mutex_type$1_1_10_1$4_0$;
}
-------------

level: 4  nsyms: 2  nchild: 1
Scope Id: 1_1_10_2
HashTab:  #entries: 2  size: 5
[1]: Variable Name: __pthread_mutex_owner64:
Definition: upad64_t$1_1$4_11$ __pthread_mutex_owner64$1_1_10_2$1_0$
Container:
union {
  struct {
    uint8_t$1_1$1_25$ __pthread_mutex_pad$1_1_10_2_1$2_0$[8];
  }__pthread_mutex_lock64$1_1_10_2$4_0$;
  upad64_t$1_1$4_11$ __pthread_mutex_owner64$1_1_10_2$1_0$;
}
-------------

[4]: Variable Name: __pthread_mutex_lock64:
Definition: struct {
  uint8_t$1_1$1_25$ __pthread_mutex_pad$1_1_10_2_1$2_0$[8];
}__pthread_mutex_lock64$1_1_10_2$4_0$
Container:
union {
  struct {
    uint8_t$1_1$1_25$ __pthread_mutex_pad$1_1_10_2_1$2_0$[8];
  }__pthread_mutex_lock64$1_1_10_2$4_0$;
  upad64_t$1_1$4_11$ __pthread_mutex_owner64$1_1_10_2$1_0$;
}
-------------

level: 5  nsyms: 1  nchild: 0
Scope Id: 1_1_10_2_1
HashTab:  #entries: 1  size: 5
[2]: Variable Name: __pthread_mutex_pad:
Definition: uint8_t$1_1$1_25$ __pthread_mutex_pad$1_1_10_2_1$2_0$[8]
Container:
struct {
  uint8_t$1_1$1_25$ __pthread_mutex_pad$1_1_10_2_1$2_0$[8];
}
-------------

level: 3  nsyms: 2  nchild: 1
Scope Id: 1_1_11
HashTab:  #entries: 2  size: 5
[1]: Variable Name: __pthread_cond_data:
Definition: upad64_t$1_1$4_11$ __pthread_cond_data$1_1_11$1_0$
Container:
struct _pthread_cond$1_1$4_4${
  struct {
    uint8_t$1_1$1_25$ __pthread_cond_flag$1_1_11_1$3_1$[4];
    uint32_t$1_1$1_23$ __pthread_cond_type$1_1_11_1$3_0$;
  }__pthread_cond_flags$1_1_11$4_0$;
  upad64_t$1_1$4_11$ __pthread_cond_data$1_1_11$1_0$;
}
-------------

[4]: Variable Name: __pthread_cond_flags:
Definition: struct {
  uint8_t$1_1$1_25$ __pthread_cond_flag$1_1_11_1$3_1$[4];
  uint32_t$1_1$1_23$ __pthread_cond_type$1_1_11_1$3_0$;
}__pthread_cond_flags$1_1_11$4_0$
Container:
struct _pthread_cond$1_1$4_4${
  struct {
    uint8_t$1_1$1_25$ __pthread_cond_flag$1_1_11_1$3_1$[4];
    uint32_t$1_1$1_23$ __pthread_cond_type$1_1_11_1$3_0$;
  }__pthread_cond_flags$1_1_11$4_0$;
  upad64_t$1_1$4_11$ __pthread_cond_data$1_1_11$1_0$;
}
-------------

level: 4  nsyms: 2  nchild: 0
Scope Id: 1_1_11_1
HashTab:  #entries: 2  size: 5
[3]: Variable Name: __pthread_cond_type:
Definition: uint32_t$1_1$1_23$ __pthread_cond_type$1_1_11_1$3_0$
Container:
struct {
  uint8_t$1_1$1_25$ __pthread_cond_flag$1_1_11_1$3_1$[4];
  uint32_t$1_1$1_23$ __pthread_cond_type$1_1_11_1$3_0$;
}
-------------
Variable Name: __pthread_cond_flag:
Definition: uint8_t$1_1$1_25$ __pthread_cond_flag$1_1_11_1$3_1$[4]
Container:
struct {
  uint8_t$1_1$1_25$ __pthread_cond_flag$1_1_11_1$3_1$[4];
  uint32_t$1_1$1_23$ __pthread_cond_type$1_1_11_1$3_0$;
}
-------------

level: 3  nsyms: 1  nchild: 0
Scope Id: 1_1_12
HashTab:  #entries: 1  size: 5
[3]: Variable Name: __pthread_attrp:
Definition: void *__pthread_attrp$1_1_12$3_0$
Container:
struct _pthread_attr$1_1$4_3${
  void *__pthread_attrp$1_1_12$3_0$;
}
-------------

level: 3  nsyms: 1  nchild: 0
Scope Id: 1_1_13
HashTab:  #entries: 1  size: 5
[1]: Variable Name: __pthread_mutexattrp:
Definition: void *__pthread_mutexattrp$1_1_13$1_0$
Container:
struct _pthread_mutexattr$1_1$1_2${
  void *__pthread_mutexattrp$1_1_13$1_0$;
}
-------------

level: 3  nsyms: 1  nchild: 0
Scope Id: 1_1_14
HashTab:  #entries: 1  size: 5
[3]: Variable Name: __pthread_condattrp:
Definition: void *__pthread_condattrp$1_1_14$3_0$
Container:
struct _pthread_condattr$1_1$1_1${
  void *__pthread_condattrp$1_1_14$3_0$;
}
-------------

level: 3  nsyms: 1  nchild: 0
Scope Id: 1_1_15
HashTab:  #entries: 1  size: 5
[1]: Variable Name: __pthread_once_pad:
Definition: upad64_t$1_1$4_11$ __pthread_once_pad$1_1_15$1_0$[4]
Container:
struct _once$1_1$4_2${
  upad64_t$1_1$4_11$ __pthread_once_pad$1_1_15$1_0$[4];
}
-------------

level: 3  nsyms: 1  nchild: 0
Scope Id: 1_1_16
HashTab:  #entries: 1  size: 5
[4]: Variable Name: val:
Definition: long val$1_1_16$4_0$[2]
Container:
struct _quad$1_1$2_1${
  long val$1_1_16$4_0$[2];
}
-------------

level: 3  nsyms: 2  nchild: 0
Scope Id: 1_1_17
HashTab:  #entries: 2  size: 5
[0]: Variable Name: tv_sec:
Definition: time_t$1_1$3_14$ tv_sec$1_1_17$0_0$
Container:
struct timeval$1_1$4_1${
  time_t$1_1$3_14$ tv_sec$1_1_17$0_0$;
  long tv_usec$1_1_17$3_0$;
}
-------------

[3]: Variable Name: tv_usec:
Definition: long tv_usec$1_1_17$3_0$
Container:
struct timeval$1_1$4_1${
  time_t$1_1$3_14$ tv_sec$1_1_17$0_0$;
  long tv_usec$1_1_17$3_0$;
}
-------------

level: 3  nsyms: 2  nchild: 0
Scope Id: 1_1_18
HashTab:  #entries: 2  size: 5
[2]: Variable Name: tz_dsttime:
Definition: int tz_dsttime$1_1_18$2_0$
Container:
struct timezone$1_1$2_0${
  int tz_minuteswest$1_1_18$3_0$;
  int tz_dsttime$1_1_18$2_0$;
}
-------------

[3]: Variable Name: tz_minuteswest:
Definition: int tz_minuteswest$1_1_18$3_0$
Container:
struct timezone$1_1$2_0${
  int tz_minuteswest$1_1_18$3_0$;
  int tz_dsttime$1_1_18$2_0$;
}
-------------

level: 3  nsyms: 2  nchild: 0
Scope Id: 1_1_19
HashTab:  #entries: 2  size: 5
[4]: Variable Name: it_value:
Definition: struct timeval$1_1$4_1$ it_value$1_1_19$4_0$
Container:
struct itimerval$1_1$0_1${
  struct timeval$1_1$4_1$ it_interval$1_1_19$4_1$;
  struct timeval$1_1$4_1$ it_value$1_1_19$4_0$;
}
-------------
Variable Name: it_interval:
Definition: struct timeval$1_1$4_1$ it_interval$1_1_19$4_1$
Container:
struct itimerval$1_1$0_1${
  struct timeval$1_1$4_1$ it_interval$1_1_19$4_1$;
  struct timeval$1_1$4_1$ it_value$1_1_19$4_0$;
}
-------------

level: 3  nsyms: 2  nchild: 0
Scope Id: 1_1_20
HashTab:  #entries: 2  size: 5
[0]: Variable Name: tv_sec:
Definition: time_t$1_1$3_14$ tv_sec$1_1_20$0_0$
Container:
struct timespec$1_1$1_0${
  time_t$1_1$3_14$ tv_sec$1_1_20$0_0$;
  long tv_nsec$1_1_20$2_0$;
}
-------------

[2]: Variable Name: tv_nsec:
Definition: long tv_nsec$1_1_20$2_0$
Container:
struct timespec$1_1$1_0${
  time_t$1_1$3_14$ tv_sec$1_1_20$0_0$;
  long tv_nsec$1_1_20$2_0$;
}
-------------

level: 3  nsyms: 2  nchild: 0
Scope Id: 1_1_21
HashTab:  #entries: 2  size: 5
[4]: Variable Name: it_value:
Definition: struct timespec$1_1$1_0$ it_value$1_1_21$4_0$
Container:
struct itimerspec$1_1$0_0${
  struct timespec$1_1$1_0$ it_interval$1_1_21$4_1$;
  struct timespec$1_1$1_0$ it_value$1_1_21$4_0$;
}
-------------
Variable Name: it_interval:
Definition: struct timespec$1_1$1_0$ it_interval$1_1_21$4_1$
Container:
struct itimerspec$1_1$0_0${
  struct timespec$1_1$1_0$ it_interval$1_1_21$4_1$;
  struct timespec$1_1$1_0$ it_value$1_1_21$4_0$;
}
-------------

level: 3  nsyms: 9  nchild: 0
Scope Id: 1_1_22
HashTab:  #entries: 9  size: 5
[0]: Variable Name: tm_hour:
Definition: int tm_hour$1_1_22$0_0$
Container:
struct tm$1_1$3_0${
  int tm_sec$1_1_22$1_3$;
  int tm_min$1_1_22$1_2$;
  int tm_hour$1_1_22$0_0$;
  int tm_mday$1_1_22$2_1$;
  int tm_mon$1_1_22$3_1$;
  int tm_year$1_1_22$1_1$;
  int tm_wday$1_1_22$3_0$;
  int tm_yday$1_1_22$2_0$;
  int tm_isdst$1_1_22$1_0$;
}
-------------

[1]: Variable Name: tm_isdst:
Definition: int tm_isdst$1_1_22$1_0$
Container:
struct tm$1_1$3_0${
  int tm_sec$1_1_22$1_3$;
  int tm_min$1_1_22$1_2$;
  int tm_hour$1_1_22$0_0$;
  int tm_mday$1_1_22$2_1$;
  int tm_mon$1_1_22$3_1$;
  int tm_year$1_1_22$1_1$;
  int tm_wday$1_1_22$3_0$;
  int tm_yday$1_1_22$2_0$;
  int tm_isdst$1_1_22$1_0$;
}
-------------
Variable Name: tm_year:
Definition: int tm_year$1_1_22$1_1$
Container:
struct tm$1_1$3_0${
  int tm_sec$1_1_22$1_3$;
  int tm_min$1_1_22$1_2$;
  int tm_hour$1_1_22$0_0$;
  int tm_mday$1_1_22$2_1$;
  int tm_mon$1_1_22$3_1$;
  int tm_year$1_1_22$1_1$;
  int tm_wday$1_1_22$3_0$;
  int tm_yday$1_1_22$2_0$;
  int tm_isdst$1_1_22$1_0$;
}
-------------
Variable Name: tm_min:
Definition: int tm_min$1_1_22$1_2$
Container:
struct tm$1_1$3_0${
  int tm_sec$1_1_22$1_3$;
  int tm_min$1_1_22$1_2$;
  int tm_hour$1_1_22$0_0$;
  int tm_mday$1_1_22$2_1$;
  int tm_mon$1_1_22$3_1$;
  int tm_year$1_1_22$1_1$;
  int tm_wday$1_1_22$3_0$;
  int tm_yday$1_1_22$2_0$;
  int tm_isdst$1_1_22$1_0$;
}
-------------
Variable Name: tm_sec:
Definition: int tm_sec$1_1_22$1_3$
Container:
struct tm$1_1$3_0${
  int tm_sec$1_1_22$1_3$;
  int tm_min$1_1_22$1_2$;
  int tm_hour$1_1_22$0_0$;
  int tm_mday$1_1_22$2_1$;
  int tm_mon$1_1_22$3_1$;
  int tm_year$1_1_22$1_1$;
  int tm_wday$1_1_22$3_0$;
  int tm_yday$1_1_22$2_0$;
  int tm_isdst$1_1_22$1_0$;
}
-------------

[2]: Variable Name: tm_yday:
Definition: int tm_yday$1_1_22$2_0$
Container:
struct tm$1_1$3_0${
  int tm_sec$1_1_22$1_3$;
  int tm_min$1_1_22$1_2$;
  int tm_hour$1_1_22$0_0$;
  int tm_mday$1_1_22$2_1$;
  int tm_mon$1_1_22$3_1$;
  int tm_year$1_1_22$1_1$;
  int tm_wday$1_1_22$3_0$;
  int tm_yday$1_1_22$2_0$;
  int tm_isdst$1_1_22$1_0$;
}
-------------
Variable Name: tm_mday:
Definition: int tm_mday$1_1_22$2_1$
Container:
struct tm$1_1$3_0${
  int tm_sec$1_1_22$1_3$;
  int tm_min$1_1_22$1_2$;
  int tm_hour$1_1_22$0_0$;
  int tm_mday$1_1_22$2_1$;
  int tm_mon$1_1_22$3_1$;
  int tm_year$1_1_22$1_1$;
  int tm_wday$1_1_22$3_0$;
  int tm_yday$1_1_22$2_0$;
  int tm_isdst$1_1_22$1_0$;
}
-------------

[3]: Variable Name: tm_wday:
Definition: int tm_wday$1_1_22$3_0$
Container:
struct tm$1_1$3_0${
  int tm_sec$1_1_22$1_3$;
  int tm_min$1_1_22$1_2$;
  int tm_hour$1_1_22$0_0$;
  int tm_mday$1_1_22$2_1$;
  int tm_mon$1_1_22$3_1$;
  int tm_year$1_1_22$1_1$;
  int tm_wday$1_1_22$3_0$;
  int tm_yday$1_1_22$2_0$;
  int tm_isdst$1_1_22$1_0$;
}
-------------
Variable Name: tm_mon:
Definition: int tm_mon$1_1_22$3_1$
Container:
struct tm$1_1$3_0${
  int tm_sec$1_1_22$1_3$;
  int tm_min$1_1_22$1_2$;
  int tm_hour$1_1_22$0_0$;
  int tm_mday$1_1_22$2_1$;
  int tm_mon$1_1_22$3_1$;
  int tm_year$1_1_22$1_1$;
  int tm_wday$1_1_22$3_0$;
  int tm_yday$1_1_22$2_0$;
  int tm_isdst$1_1_22$1_0$;
}
-------------

level: 3  nsyms: 1  nchild: 0
Scope Id: 1_1_23
HashTab:  #entries: 1  size: 5
[1]: Variable Name: fds_bits:
Definition: long fds_bits$1_1_23$1_0$[(1024 + (sizeof(fds_mask$1_1$1_0$ )  * 8 - 1)) / (sizeof(fds_mask$1_1$1_0$ )  * 8)]
Container:
struct fd_set$1_1$4_0${
  long fds_bits$1_1_23$1_0$[(1024 + (sizeof(fds_mask$1_1$1_0$ )  * 8 - 1)) / (sizeof(fds_mask$1_1$1_0$ )  * 8)];
}
-------------

level: 3  nsyms: 3  nchild: 0
Scope Id: 1_1_24
HashTab:  #entries: 3  size: 5
[2]: Variable Name: blah:
Definition: char *blah$1_1_24$2_0$ = "hello, \"world\"\n"

-------------
Variable Name: a:
Definition: int a$1_1_24$2_1$ = 5

-------------

[3]: Variable Name: b:
Definition: char b$1_1_24$3_0$ = '\n'

-------------


-------------
Tags:
-------------
Symbol Table:
level: 1  nsyms: 0  nchild: 1
Scope Id: 1
HashTab: NULL
level: 2  nsyms: 16  nchild: 0
Scope Id: 1_1
HashTab:  #entries: 16  size: 5
[0]: Tag Name: itimerspec:
Definition: struct itimerspec$1_1$0_0${
  struct timespec$1_1$1_0$ it_interval$1_1_21$4_1$;
  struct timespec$1_1$1_0$ it_value$1_1_21$4_0$;
}

-------------
Tag Name: itimerval:
Definition: struct itimerval$1_1$0_1${
  struct timeval$1_1$4_1$ it_interval$1_1_19$4_1$;
  struct timeval$1_1$4_1$ it_value$1_1_19$4_0$;
}

-------------
Tag Name: _label_t:
Definition: struct _label_t$1_1$0_2${
  int val$1_1_3$4_0$[2];
}

-------------

[1]: Tag Name: timespec:
Definition: struct timespec$1_1$1_0${
  time_t$1_1$3_14$ tv_sec$1_1_20$0_0$;
  long tv_nsec$1_1_20$2_0$;
}

-------------
Tag Name: _pthread_condattr:
Definition: struct _pthread_condattr$1_1$1_1${
  void *__pthread_condattrp$1_1_14$3_0$;
}

-------------
Tag Name: _pthread_mutexattr:
Definition: struct _pthread_mutexattr$1_1$1_2${
  void *__pthread_mutexattrp$1_1_13$1_0$;
}

-------------
Tag Name: _physadr_t:
Definition: struct _physadr_t$1_1$1_3${
  int r$1_1_2$4_0$[1];
}

-------------

[2]: Tag Name: timezone:
Definition: struct timezone$1_1$2_0${
  int tz_minuteswest$1_1_18$3_0$;
  int tz_dsttime$1_1_18$2_0$;
}

-------------
Tag Name: _quad:
Definition: struct _quad$1_1$2_1${
  long val$1_1_16$4_0$[2];
}

-------------
Tag Name: _pthread_mutex:
Definition: struct _pthread_mutex$1_1$2_2${
  struct {
    uint8_t$1_1$1_25$ __pthread_mutex_flag$1_1_10_1$0_0$[4];
    uint32_t$1_1$1_23$ __pthread_mutex_type$1_1_10_1$4_0$;
  }__pthread_mutex_flags$1_1_10$4_0$;
  union {
    struct {
      uint8_t$1_1$1_25$ __pthread_mutex_pad$1_1_10_2_1$2_0$[8];
    }__pthread_mutex_lock64$1_1_10_2$4_0$;
    upad64_t$1_1$4_11$ __pthread_mutex_owner64$1_1_10_2$1_0$;
  }__pthread_mutex_lock$1_1_10$1_0$;
  upad64_t$1_1$4_11$ __pthread_mutex_data$1_1_10$3_0$;
}

-------------

[3]: Tag Name: tm:
Definition: struct tm$1_1$3_0${
  int tm_sec$1_1_22$1_3$;
  int tm_min$1_1_22$1_2$;
  int tm_hour$1_1_22$0_0$;
  int tm_mday$1_1_22$2_1$;
  int tm_mon$1_1_22$3_1$;
  int tm_year$1_1_22$1_1$;
  int tm_wday$1_1_22$3_0$;
  int tm_yday$1_1_22$2_0$;
  int tm_isdst$1_1_22$1_0$;
}

-------------

[4]: Tag Name: fd_set:
Definition: struct fd_set$1_1$4_0${
  long fds_bits$1_1_23$1_0$[(1024 + (sizeof(fds_mask$1_1$1_0$ )  * 8 - 1)) / (sizeof(fds_mask$1_1$1_0$ )  * 8)];
}

-------------
Tag Name: timeval:
Definition: struct timeval$1_1$4_1${
  time_t$1_1$3_14$ tv_sec$1_1_17$0_0$;
  long tv_usec$1_1_17$3_0$;
}

-------------
Tag Name: _once:
Definition: struct _once$1_1$4_2${
  upad64_t$1_1$4_11$ __pthread_once_pad$1_1_15$1_0$[4];
}

-------------
Tag Name: _pthread_attr:
Definition: struct _pthread_attr$1_1$4_3${
  void *__pthread_attrp$1_1_12$3_0$;
}

-------------
Tag Name: _pthread_cond:
Definition: struct _pthread_cond$1_1$4_4${
  struct {
    uint8_t$1_1$1_25$ __pthread_cond_flag$1_1_11_1$3_1$[4];
    uint32_t$1_1$1_23$ __pthread_cond_type$1_1_11_1$3_0$;
  }__pthread_cond_flags$1_1_11$4_0$;
  upad64_t$1_1$4_11$ __pthread_cond_data$1_1_11$1_0$;
}

-------------


-------------
Labels:
-------------
Symbol Table:
level: 1  nsyms: 0  nchild: 1
Scope Id: 1
HashTab: NULL
level: 2  nsyms: 0  nchild: 1
Scope Id: 1_1
HashTab: NULL
level: 3  nsyms: 1  nchild: 0
Scope Id: 1_1_1
HashTab:  #entries: 1  size: 5
[3]: Label Name: fish:
Definition: fish:


-------------


-------------
