
#include <stdio.h>

#include <stdlib.h>

int IDENT$1_1$0_2$ = 0, STRING$1_1$1_0$ = 1, RNUM$1_1$2_1$ = 2;
char *file_list$1_1$0_1$[5];
int yylex$1_1$0_0$();
void toksym$1_1$3_1$(int tokn$1_1_4$1_0$);
struct tokn$1_1$1_0${
  int tok$1_1_5$2_2$;
  char *sval$1_1_5$0_0$;
  int line$1_1_5$2_1$;
  int col$1_1_5$3_0$;
  float fval$1_1_5$2_0$;
}token$1_1$3_0$;
int main$1_1$2_0$(int argc$1_1_6$1_0$)
{
  int done$1_1_6$4_1$ = 0;
  char *dribble$1_1_6$4_0$ = "dribble.out";
  FILE$1_1$4_18$ *fp$1_1_6$3_0$;
  FILE$1_1$4_18$ *dupfp$1_1_6$2_0$;

  if ((fp$1_1_6$3_0$ = fopen$1_1$3_23$(file_list$1_1$0_1$[0],"r")) == 0)
    return 1;
  while (yylex$1_1$0_0$(&token$1_1$3_0$))
  {
    switch (token$1_1$3_0$.tok$1_1_5$2_2$)
    {
    case IDENT$1_1$0_2$:
      printf$1_1$0_15$("Token %d ('%s') obtained from (%d,%d)\n",token$1_1$3_0$.tok$1_1_5$2_2$,token$1_1$3_0$.sval$1_1_5$0_0$,token$1_1$3_0$.line$1_1_5$2_1$,token$1_1$3_0$.col$1_1_5$3_0$);
      free$1_1$4_3$(token$1_1$3_0$.sval$1_1_5$0_0$);
      break;
    case STRING$1_1$1_0$:
      printf$1_1$0_15$("Token %d ('%s') obtained from (%d,%d)\n",token$1_1$3_0$.tok$1_1_5$2_2$,token$1_1$3_0$.sval$1_1_5$0_0$,token$1_1$3_0$.line$1_1_5$2_1$,token$1_1$3_0$.col$1_1_5$3_0$);
      free$1_1$4_3$(token$1_1$3_0$.sval$1_1_5$0_0$);
      break;
    case RNUM$1_1$2_1$:
      printf$1_1$0_15$("Token %d ('%f') obtained from (%d,%d)\n",token$1_1$3_0$.tok$1_1_5$2_2$,token$1_1$3_0$.fval$1_1_5$2_0$,token$1_1$3_0$.line$1_1_5$2_1$,token$1_1$3_0$.col$1_1_5$3_0$);
      break;
    default:
      printf$1_1$0_15$("Token %d (%s) obtained from (%d,%d)\n",token$1_1$3_0$.tok$1_1_5$2_2$,toksym$1_1$3_1$(token$1_1$3_0$.tok$1_1_5$2_2$),token$1_1$3_0$.line$1_1_5$2_1$,token$1_1$3_0$.col$1_1_5$3_0$);
      break;
    }

  }

  fclose$1_1$3_24$(fp$1_1_6$3_0$);
  return 0;
  if (dribble$1_1_6$4_0$ && (dupfp$1_1_6$2_0$ = fopen$1_1$3_23$(dribble$1_1_6$4_0$,"r")) == 0)
  {
    fprintf$1_1$0_16$(&__iob$1_1$2_13$[2],"Could not open file '%s' for dribble.\n",dribble$1_1_6$4_0$);
    exit$1_1$2_5$(1);
  }

}


Symbols:
-------------
Symbol Table:
level: 1  nsyms: 2  nchild: 1
Scope Id: 1
HashTab:  #entries: 2  size: 5
[3]: Variable Name: __PRETTY_FUNCTION__:
Definition: NO definition for Variable entry


-------------

[4]: Variable Name: __FUNCTION__:
Definition: NO definition for Variable entry


-------------

level: 2  nsyms: 99  nchild: 6
Scope Id: 1_1
HashTab:  #entries: 99  size: 5
[0]: Variable Name: yylex:
Definition: int yylex$1_1$0_0$()

-------------
Variable Name: file_list:
Definition: char *file_list$1_1$0_1$[5]

-------------
Variable Name: IDENT:
Definition: int IDENT$1_1$0_2$ = 0

-------------
Variable Name: labs:
Definition: extern long labs$1_1$0_3$(long )

-------------
Variable Name: bsearch:
Definition: extern void *bsearch$1_1$0_4$(const void *, const void *, size_t$1_1$1_17$ , size_t$1_1$1_17$ , int (*)(const void *, const void *))

-------------
Variable Name: malloc:
Definition: extern void *malloc$1_1$0_5$(size_t$1_1$1_17$ )

-------------
Typedef Name: div_t:
Definition: typedef struct {
  int quot$1_1_2$3_0$;
  int rem$1_1_2$2_0$;
}div_t$1_1$0_6$

-------------
Variable Name: feof:
Definition: extern int feof$1_1$0_7$(FILE$1_1$4_18$ *)

-------------
Variable Name: rewind:
Definition: extern void rewind$1_1$0_8$(FILE$1_1$4_18$ *)

-------------
Variable Name: fgetpos:
Definition: extern int fgetpos$1_1$0_9$(FILE$1_1$4_18$ *, fpos_t$1_1$4_19$ *)

-------------
Variable Name: putchar:
Definition: extern int putchar$1_1$0_10$(int )

-------------
Variable Name: putc:
Definition: extern int putc$1_1$0_11$(int , FILE$1_1$4_18$ *)

-------------
Variable Name: fputc:
Definition: extern int fputc$1_1$0_12$(int , FILE$1_1$4_18$ *)

-------------
Variable Name: fgetc:
Definition: extern int fgetc$1_1$0_13$(FILE$1_1$4_18$ *)

-------------
Variable Name: snprintf:
Definition: extern int snprintf$1_1$0_14$(char *, size_t$1_1$1_17$ , const char *, ...)

-------------
Variable Name: printf:
Definition: extern int printf$1_1$0_15$(const char *, ...)

-------------
Variable Name: fprintf:
Definition: extern int fprintf$1_1$0_16$(FILE$1_1$4_18$ *, const char *, ...)

-------------
Variable Name: _sibuf:
Definition: extern unsigned char _sibuf$1_1$0_17$[]

-------------

[1]: Variable Name: STRING:
Definition: int STRING$1_1$1_0$ = 1

-------------
Variable Name: mkstemp:
Definition: extern int mkstemp$1_1$1_1$(char *)

-------------
Variable Name: mbstowcs:
Definition: extern size_t$1_1$1_17$ mbstowcs$1_1$1_2$(wchar_t$1_1$3_11$ *, const char *, size_t$1_1$1_17$ )

-------------
Variable Name: wctomb:
Definition: extern int wctomb$1_1$1_3$(char *, wchar_t$1_1$3_11$ )

-------------
Variable Name: mblen:
Definition: extern int mblen$1_1$1_4$(const char *, size_t$1_1$1_17$ )

-------------
Variable Name: mbtowc:
Definition: extern int mbtowc$1_1$1_5$(wchar_t$1_1$3_11$ *, const char *, size_t$1_1$1_17$ )

-------------
Variable Name: ldiv:
Definition: extern ldiv_t$1_1$3_12$ ldiv$1_1$1_6$(long , long )

-------------
Variable Name: srand:
Definition: extern void srand$1_1$1_7$(unsigned int )

-------------
Variable Name: strtol:
Definition: extern long strtol$1_1$1_8$(const char *, char **, int )

-------------
Typedef Name: uid_t:
Definition: typedef long uid_t$1_1$1_9$

-------------
Variable Name: clearerr:
Definition: extern void clearerr$1_1$1_10$(FILE$1_1$4_18$ *)

-------------
Variable Name: getchar:
Definition: extern int getchar$1_1$1_11$(void )

-------------
Variable Name: getc:
Definition: extern int getc$1_1$1_12$(FILE$1_1$4_18$ *)

-------------
Variable Name: fgets:
Definition: extern char *fgets$1_1$1_13$(char *, int , FILE$1_1$4_18$ *)

-------------
Variable Name: sprintf:
Definition: extern int sprintf$1_1$1_14$(char *, const char *, ...)

-------------
Variable Name: rename:
Definition: extern int rename$1_1$1_15$(const char *, const char *)

-------------
Variable Name: _sobuf:
Definition: extern unsigned char _sobuf$1_1$1_16$[]

-------------
Typedef Name: size_t:
Definition: typedef unsigned int size_t$1_1$1_17$

-------------
Typedef Name: __va_list:
Definition: typedef void *__va_list$1_1$1_18$

-------------

[2]: Variable Name: main:
Definition: int main$1_1$2_0$(int argc$1_1_6$1_0$)

-------------
Variable Name: RNUM:
Definition: int RNUM$1_1$2_1$ = 2

-------------
Variable Name: wcstombs:
Definition: extern size_t$1_1$1_17$ wcstombs$1_1$2_2$(char *, const wchar_t$1_1$3_11$ *, size_t$1_1$1_17$ )

-------------
Variable Name: abs:
Definition: extern int abs$1_1$2_3$(int )

-------------
Variable Name: system:
Definition: extern int system$1_1$2_4$(const char *)

-------------
Variable Name: exit:
Definition: extern void exit$1_1$2_5$(int )

-------------
Variable Name: calloc:
Definition: extern void *calloc$1_1$2_6$(size_t$1_1$1_17$ , size_t$1_1$1_17$ )

-------------
Variable Name: gets:
Definition: extern char *gets$1_1$2_7$(char *)

-------------
Variable Name: vsprintf:
Definition: extern int vsprintf$1_1$2_8$(char *, const char *, __va_list$1_1$1_18$ )

-------------
Variable Name: scanf:
Definition: extern int scanf$1_1$2_9$(const char *, ...)

-------------
Variable Name: setlinebuf:
Definition: extern int setlinebuf$1_1$2_10$(FILE$1_1$4_18$ *)

-------------
Variable Name: fflush:
Definition: extern int fflush$1_1$2_11$(FILE$1_1$4_18$ *)

-------------
Variable Name: remove:
Definition: extern int remove$1_1$2_12$(const char *)

-------------
Variable Name: __iob:
Definition: extern FILE$1_1$4_18$ __iob$1_1$2_13$[20]

-------------

[3]: Variable Name: token:
Definition: struct tokn$1_1$1_0${
  int tok$1_1_5$2_2$;
  char *sval$1_1_5$0_0$;
  int line$1_1_5$2_1$;
  int col$1_1_5$3_0$;
  float fval$1_1_5$2_0$;
}token$1_1$3_0$

-------------
Variable Name: toksym:
Definition: void toksym$1_1$3_1$(int tokn$1_1_4$1_0$)

-------------
Variable Name: div:
Definition: extern div_t$1_1$0_6$ div$1_1$3_2$(int , int )

-------------
Variable Name: atexit:
Definition: extern int atexit$1_1$3_3$(void (*)(void ))

-------------
Variable Name: abort:
Definition: extern void abort$1_1$3_4$(void )

-------------
Variable Name: realloc:
Definition: extern void *realloc$1_1$3_5$(void *, size_t$1_1$1_17$ )

-------------
Variable Name: strtoul:
Definition: extern unsigned long strtoul$1_1$3_6$(const char *, char **, int )

-------------
Variable Name: atol:
Definition: extern long atol$1_1$3_7$(const char *)

-------------
Variable Name: atoi:
Definition: extern int atoi$1_1$3_8$(const char *)

-------------
Variable Name: atof:
Definition: extern double atof$1_1$3_9$(const char *)

-------------
Variable Name: __ctype:
Definition: extern unsigned char __ctype$1_1$3_10$[]

-------------
Typedef Name: wchar_t:
Definition: typedef long wchar_t$1_1$3_11$

-------------
Typedef Name: ldiv_t:
Definition: typedef struct {
  long quot$1_1_3$3_0$;
  long rem$1_1_3$2_0$;
}ldiv_t$1_1$3_12$

-------------
Variable Name: __flsbuf:
Definition: extern int __flsbuf$1_1$3_13$(int , FILE$1_1$4_18$ *)

-------------
Variable Name: ferror:
Definition: extern int ferror$1_1$3_14$(FILE$1_1$4_18$ *)

-------------
Variable Name: ftell:
Definition: extern long ftell$1_1$3_15$(FILE$1_1$4_18$ *)

-------------
Variable Name: fwrite:
Definition: extern size_t$1_1$1_17$ fwrite$1_1$3_16$(const void *, size_t$1_1$1_17$ , size_t$1_1$1_17$ , FILE$1_1$4_18$ *)

-------------
Variable Name: fread:
Definition: extern size_t$1_1$1_17$ fread$1_1$3_17$(void *, size_t$1_1$1_17$ , size_t$1_1$1_17$ , FILE$1_1$4_18$ *)

-------------
Variable Name: ungetc:
Definition: extern int ungetc$1_1$3_18$(int , FILE$1_1$4_18$ *)

-------------
Variable Name: vfprintf:
Definition: extern int vfprintf$1_1$3_19$(FILE$1_1$4_18$ *, const char *, __va_list$1_1$1_18$ )

-------------
Variable Name: fscanf:
Definition: extern int fscanf$1_1$3_20$(FILE$1_1$4_18$ *, const char *, ...)

-------------
Variable Name: setbuffer:
Definition: extern void setbuffer$1_1$3_21$(FILE$1_1$4_18$ *, char *, size_t$1_1$1_17$ )

-------------
Variable Name: setbuf:
Definition: extern void setbuf$1_1$3_22$(FILE$1_1$4_18$ *, char *)

-------------
Variable Name: fopen:
Definition: extern FILE$1_1$4_18$ *fopen$1_1$3_23$(const char *, const char *)

-------------
Variable Name: fclose:
Definition: extern int fclose$1_1$3_24$(FILE$1_1$4_18$ *)

-------------
Variable Name: tmpfile:
Definition: extern FILE$1_1$4_18$ *tmpfile$1_1$3_25$(void )

-------------
Variable Name: _bufendtab:
Definition: extern unsigned char *_bufendtab$1_1$3_26$[]

-------------
Variable Name: _lastbuf:
Definition: extern FILE$1_1$4_18$ *_lastbuf$1_1$3_27$

-------------

[4]: Variable Name: qsort:
Definition: extern void qsort$1_1$4_0$(void *, size_t$1_1$1_17$ , size_t$1_1$1_17$ , int (*)(const void *, const void *))

-------------
Variable Name: getenv:
Definition: extern char *getenv$1_1$4_1$(const char *)

-------------
Variable Name: _exithandle:
Definition: extern void _exithandle$1_1$4_2$(void )

-------------
Variable Name: free:
Definition: extern void free$1_1$4_3$(void *)

-------------
Variable Name: rand:
Definition: extern int rand$1_1$4_4$(void )

-------------
Variable Name: strtod:
Definition: extern double strtod$1_1$4_5$(const char *, char **)

-------------
Variable Name: __filbuf:
Definition: extern int __filbuf$1_1$4_6$(FILE$1_1$4_18$ *)

-------------
Variable Name: perror:
Definition: extern void perror$1_1$4_7$(const char *)

-------------
Variable Name: fsetpos:
Definition: extern int fsetpos$1_1$4_8$(FILE$1_1$4_18$ *, const fpos_t$1_1$4_19$ *)

-------------
Variable Name: fseek:
Definition: extern int fseek$1_1$4_9$(FILE$1_1$4_18$ *, long , int )

-------------
Variable Name: puts:
Definition: extern int puts$1_1$4_10$(const char *)

-------------
Variable Name: fputs:
Definition: extern int fputs$1_1$4_11$(const char *, FILE$1_1$4_18$ *)

-------------
Variable Name: vsnprintf:
Definition: extern int vsnprintf$1_1$4_12$(char *, size_t$1_1$1_17$ , const char *, __va_list$1_1$1_18$ )

-------------
Variable Name: vprintf:
Definition: extern int vprintf$1_1$4_13$(const char *, __va_list$1_1$1_18$ )

-------------
Variable Name: sscanf:
Definition: extern int sscanf$1_1$4_14$(const char *, const char *, ...)

-------------
Variable Name: setvbuf:
Definition: extern int setvbuf$1_1$4_15$(FILE$1_1$4_18$ *, char *, int , size_t$1_1$1_17$ )

-------------
Variable Name: freopen:
Definition: extern FILE$1_1$4_18$ *freopen$1_1$4_16$(const char *, const char *, FILE$1_1$4_18$ *)

-------------
Variable Name: tmpnam:
Definition: extern char *tmpnam$1_1$4_17$(char *)

-------------
Typedef Name: FILE:
Definition: typedef struct {
  int _cnt$1_1_1$3_1$;
  unsigned char *_ptr$1_1_1$0_1$;
  unsigned char *_base$1_1_1$3_0$;
  unsigned char _flag$1_1_1$0_0$;
  unsigned char _file$1_1_1$4_0$;
}FILE$1_1$4_18$

-------------
Typedef Name: fpos_t:
Definition: typedef long fpos_t$1_1$4_19$

-------------

level: 3  nsyms: 5  nchild: 0
Scope Id: 1_1_1
HashTab:  #entries: 5  size: 5
[0]: Variable Name: _flag:
Definition: unsigned char _flag$1_1_1$0_0$
Container:
struct {
  int _cnt$1_1_1$3_1$;
  unsigned char *_ptr$1_1_1$0_1$;
  unsigned char *_base$1_1_1$3_0$;
  unsigned char _flag$1_1_1$0_0$;
  unsigned char _file$1_1_1$4_0$;
}
-------------
Variable Name: _ptr:
Definition: unsigned char *_ptr$1_1_1$0_1$
Container:
struct {
  int _cnt$1_1_1$3_1$;
  unsigned char *_ptr$1_1_1$0_1$;
  unsigned char *_base$1_1_1$3_0$;
  unsigned char _flag$1_1_1$0_0$;
  unsigned char _file$1_1_1$4_0$;
}
-------------

[3]: Variable Name: _base:
Definition: unsigned char *_base$1_1_1$3_0$
Container:
struct {
  int _cnt$1_1_1$3_1$;
  unsigned char *_ptr$1_1_1$0_1$;
  unsigned char *_base$1_1_1$3_0$;
  unsigned char _flag$1_1_1$0_0$;
  unsigned char _file$1_1_1$4_0$;
}
-------------
Variable Name: _cnt:
Definition: int _cnt$1_1_1$3_1$
Container:
struct {
  int _cnt$1_1_1$3_1$;
  unsigned char *_ptr$1_1_1$0_1$;
  unsigned char *_base$1_1_1$3_0$;
  unsigned char _flag$1_1_1$0_0$;
  unsigned char _file$1_1_1$4_0$;
}
-------------

[4]: Variable Name: _file:
Definition: unsigned char _file$1_1_1$4_0$
Container:
struct {
  int _cnt$1_1_1$3_1$;
  unsigned char *_ptr$1_1_1$0_1$;
  unsigned char *_base$1_1_1$3_0$;
  unsigned char _flag$1_1_1$0_0$;
  unsigned char _file$1_1_1$4_0$;
}
-------------

level: 3  nsyms: 2  nchild: 0
Scope Id: 1_1_2
HashTab:  #entries: 2  size: 5
[2]: Variable Name: rem:
Definition: int rem$1_1_2$2_0$
Container:
struct {
  int quot$1_1_2$3_0$;
  int rem$1_1_2$2_0$;
}
-------------

[3]: Variable Name: quot:
Definition: int quot$1_1_2$3_0$
Container:
struct {
  int quot$1_1_2$3_0$;
  int rem$1_1_2$2_0$;
}
-------------

level: 3  nsyms: 2  nchild: 0
Scope Id: 1_1_3
HashTab:  #entries: 2  size: 5
[2]: Variable Name: rem:
Definition: long rem$1_1_3$2_0$
Container:
struct {
  long quot$1_1_3$3_0$;
  long rem$1_1_3$2_0$;
}
-------------

[3]: Variable Name: quot:
Definition: long quot$1_1_3$3_0$
Container:
struct {
  long quot$1_1_3$3_0$;
  long rem$1_1_3$2_0$;
}
-------------

level: 3  nsyms: 1  nchild: 0
Scope Id: 1_1_4
HashTab:  #entries: 1  size: 5
[1]: Parameter Name: tokn:
Definition: int tokn$1_1_4$1_0$

-------------

level: 3  nsyms: 5  nchild: 0
Scope Id: 1_1_5
HashTab:  #entries: 5  size: 5
[0]: Variable Name: sval:
Definition: char *sval$1_1_5$0_0$
Container:
struct tokn$1_1$1_0${
  int tok$1_1_5$2_2$;
  char *sval$1_1_5$0_0$;
  int line$1_1_5$2_1$;
  int col$1_1_5$3_0$;
  float fval$1_1_5$2_0$;
}
-------------

[2]: Variable Name: fval:
Definition: float fval$1_1_5$2_0$
Container:
struct tokn$1_1$1_0${
  int tok$1_1_5$2_2$;
  char *sval$1_1_5$0_0$;
  int line$1_1_5$2_1$;
  int col$1_1_5$3_0$;
  float fval$1_1_5$2_0$;
}
-------------
Variable Name: line:
Definition: int line$1_1_5$2_1$
Container:
struct tokn$1_1$1_0${
  int tok$1_1_5$2_2$;
  char *sval$1_1_5$0_0$;
  int line$1_1_5$2_1$;
  int col$1_1_5$3_0$;
  float fval$1_1_5$2_0$;
}
-------------
Variable Name: tok:
Definition: int tok$1_1_5$2_2$
Container:
struct tokn$1_1$1_0${
  int tok$1_1_5$2_2$;
  char *sval$1_1_5$0_0$;
  int line$1_1_5$2_1$;
  int col$1_1_5$3_0$;
  float fval$1_1_5$2_0$;
}
-------------

[3]: Variable Name: col:
Definition: int col$1_1_5$3_0$
Container:
struct tokn$1_1$1_0${
  int tok$1_1_5$2_2$;
  char *sval$1_1_5$0_0$;
  int line$1_1_5$2_1$;
  int col$1_1_5$3_0$;
  float fval$1_1_5$2_0$;
}
-------------

level: 3  nsyms: 5  nchild: 0
Scope Id: 1_1_6
HashTab:  #entries: 5  size: 5
[1]: Parameter Name: argc:
Definition: int argc$1_1_6$1_0$

-------------

[2]: Variable Name: dupfp:
Definition: FILE$1_1$4_18$ *dupfp$1_1_6$2_0$

-------------

[3]: Variable Name: fp:
Definition: FILE$1_1$4_18$ *fp$1_1_6$3_0$

-------------

[4]: Variable Name: dribble:
Definition: char *dribble$1_1_6$4_0$ = "dribble.out"

-------------
Variable Name: done:
Definition: int done$1_1_6$4_1$ = 0

-------------


-------------
Tags:
-------------
Symbol Table:
level: 1  nsyms: 0  nchild: 1
Scope Id: 1
HashTab: NULL
level: 2  nsyms: 1  nchild: 0
Scope Id: 1_1
HashTab:  #entries: 1  size: 5
[1]: Tag Name: tokn:
Definition: struct tokn$1_1$1_0${
  int tok$1_1_5$2_2$;
  char *sval$1_1_5$0_0$;
  int line$1_1_5$2_1$;
  int col$1_1_5$3_0$;
  float fval$1_1_5$2_0$;
}

-------------


-------------
Labels:
-------------
Symbol Table:
level: 1  nsyms: 0  nchild: 0
Scope Id: 1
HashTab: NULL

-------------
