
#include <stdio.h>

typedef const short *nub$1_1$4_2$;
typedef struct fob$1_1$2_0$ fob$1_1$2_2$;
struct fob$1_1$2_0${
  int hi$1_1_2$0_0$;
};
typedef int (*PFI$1_1$4_1$)(int val$1_1_3$4_0$);
typedef int (*PFD$1_1$2_1$)(double );
short main$1_1$2_0$(argc$1_1$1_0$)
int argc$1_1$1_0$
{
  struct fob$1_1$2_0$ *fob1$1_1$3_1$;
  fob$1_1$2_2$ *fob2$1_1$4_0$;
  FILE$1_1$4_15$ *fp$1_1$3_0$;
  PFI$1_1$4_1$ ff$1_1$0_0$;

  fclose$1_1$3_13$(fp$1_1$3_0$);
  return 0;
}


Symbols:
-------------
Symbol Table:
level: 1  nsyms: 2  nchild: 1
Scope Id: 1
HashTab:  #entries: 2  size: 5
[3]: Variable Name: __PRETTY_FUNCTION__:
Definition: NO definition for Variable entry


-------------

[4]: Variable Name: __FUNCTION__:
Definition: NO definition for Variable entry


-------------

level: 2  nsyms: 66  nchild: 4
Scope Id: 1_1
HashTab:  #entries: 66  size: 5
[0]: Variable Name: ff:
Definition: PFI$1_1$4_1$ ff$1_1$0_0$

-------------
Variable Name: feof:
Definition: extern int feof$1_1$0_1$(FILE$1_1$4_15$ *)

-------------
Variable Name: rewind:
Definition: extern void rewind$1_1$0_2$(FILE$1_1$4_15$ *)

-------------
Variable Name: fgetpos:
Definition: extern int fgetpos$1_1$0_3$(FILE$1_1$4_15$ *, fpos_t$1_1$4_16$ *)

-------------
Variable Name: putchar:
Definition: extern int putchar$1_1$0_4$(int )

-------------
Variable Name: putc:
Definition: extern int putc$1_1$0_5$(int , FILE$1_1$4_15$ *)

-------------
Variable Name: fputc:
Definition: extern int fputc$1_1$0_6$(int , FILE$1_1$4_15$ *)

-------------
Variable Name: fgetc:
Definition: extern int fgetc$1_1$0_7$(FILE$1_1$4_15$ *)

-------------
Variable Name: snprintf:
Definition: extern int snprintf$1_1$0_8$(char *, size_t$1_1$1_8$ , const char *, ...)

-------------
Variable Name: printf:
Definition: extern int printf$1_1$0_9$(const char *, ...)

-------------
Variable Name: fprintf:
Definition: extern int fprintf$1_1$0_10$(FILE$1_1$4_15$ *, const char *, ...)

-------------
Variable Name: _sibuf:
Definition: extern unsigned char _sibuf$1_1$0_11$[]

-------------

[1]: Parameter Name: argc:
Definition: int argc$1_1$1_0$

-------------
Variable Name: clearerr:
Definition: extern void clearerr$1_1$1_1$(FILE$1_1$4_15$ *)

-------------
Variable Name: getchar:
Definition: extern int getchar$1_1$1_2$(void )

-------------
Variable Name: getc:
Definition: extern int getc$1_1$1_3$(FILE$1_1$4_15$ *)

-------------
Variable Name: fgets:
Definition: extern char *fgets$1_1$1_4$(char *, int , FILE$1_1$4_15$ *)

-------------
Variable Name: sprintf:
Definition: extern int sprintf$1_1$1_5$(char *, const char *, ...)

-------------
Variable Name: rename:
Definition: extern int rename$1_1$1_6$(const char *, const char *)

-------------
Variable Name: _sobuf:
Definition: extern unsigned char _sobuf$1_1$1_7$[]

-------------
Typedef Name: size_t:
Definition: typedef unsigned int size_t$1_1$1_8$

-------------
Typedef Name: __va_list:
Definition: typedef void *__va_list$1_1$1_9$

-------------

[2]: Variable Name: main:
Definition: short main$1_1$2_0$(argc$1_1$1_0$)
int argc$1_1$1_0$

-------------
Typedef Name: PFD:
Definition: typedef int (*PFD$1_1$2_1$)(double )

-------------
Typedef Name: fob:
Definition: typedef struct fob$1_1$2_0$ fob$1_1$2_2$

-------------
Variable Name: gets:
Definition: extern char *gets$1_1$2_3$(char *)

-------------
Variable Name: vsprintf:
Definition: extern int vsprintf$1_1$2_4$(char *, const char *, __va_list$1_1$1_9$ )

-------------
Variable Name: scanf:
Definition: extern int scanf$1_1$2_5$(const char *, ...)

-------------
Variable Name: setlinebuf:
Definition: extern int setlinebuf$1_1$2_6$(FILE$1_1$4_15$ *)

-------------
Variable Name: fflush:
Definition: extern int fflush$1_1$2_7$(FILE$1_1$4_15$ *)

-------------
Variable Name: remove:
Definition: extern int remove$1_1$2_8$(const char *)

-------------
Variable Name: __iob:
Definition: extern FILE$1_1$4_15$ __iob$1_1$2_9$[20]

-------------

[3]: Variable Name: fp:
Definition: FILE$1_1$4_15$ *fp$1_1$3_0$

-------------
Variable Name: fob1:
Definition: struct fob$1_1$2_0$ *fob1$1_1$3_1$

-------------
Variable Name: __flsbuf:
Definition: extern int __flsbuf$1_1$3_2$(int , FILE$1_1$4_15$ *)

-------------
Variable Name: ferror:
Definition: extern int ferror$1_1$3_3$(FILE$1_1$4_15$ *)

-------------
Variable Name: ftell:
Definition: extern long ftell$1_1$3_4$(FILE$1_1$4_15$ *)

-------------
Variable Name: fwrite:
Definition: extern size_t$1_1$1_8$ fwrite$1_1$3_5$(const void *, size_t$1_1$1_8$ , size_t$1_1$1_8$ , FILE$1_1$4_15$ *)

-------------
Variable Name: fread:
Definition: extern size_t$1_1$1_8$ fread$1_1$3_6$(void *, size_t$1_1$1_8$ , size_t$1_1$1_8$ , FILE$1_1$4_15$ *)

-------------
Variable Name: ungetc:
Definition: extern int ungetc$1_1$3_7$(int , FILE$1_1$4_15$ *)

-------------
Variable Name: vfprintf:
Definition: extern int vfprintf$1_1$3_8$(FILE$1_1$4_15$ *, const char *, __va_list$1_1$1_9$ )

-------------
Variable Name: fscanf:
Definition: extern int fscanf$1_1$3_9$(FILE$1_1$4_15$ *, const char *, ...)

-------------
Variable Name: setbuffer:
Definition: extern void setbuffer$1_1$3_10$(FILE$1_1$4_15$ *, char *, size_t$1_1$1_8$ )

-------------
Variable Name: setbuf:
Definition: extern void setbuf$1_1$3_11$(FILE$1_1$4_15$ *, char *)

-------------
Variable Name: fopen:
Definition: extern FILE$1_1$4_15$ *fopen$1_1$3_12$(const char *, const char *)

-------------
Variable Name: fclose:
Definition: extern int fclose$1_1$3_13$(FILE$1_1$4_15$ *)

-------------
Variable Name: tmpfile:
Definition: extern FILE$1_1$4_15$ *tmpfile$1_1$3_14$(void )

-------------
Variable Name: _bufendtab:
Definition: extern unsigned char *_bufendtab$1_1$3_15$[]

-------------
Variable Name: _lastbuf:
Definition: extern FILE$1_1$4_15$ *_lastbuf$1_1$3_16$

-------------

[4]: Variable Name: fob2:
Definition: fob$1_1$2_2$ *fob2$1_1$4_0$

-------------
Typedef Name: PFI:
Definition: typedef int (*PFI$1_1$4_1$)(int val$1_1_3$4_0$)

-------------
Typedef Name: nub:
Definition: typedef const short *nub$1_1$4_2$

-------------
Variable Name: __filbuf:
Definition: extern int __filbuf$1_1$4_3$(FILE$1_1$4_15$ *)

-------------
Variable Name: perror:
Definition: extern void perror$1_1$4_4$(const char *)

-------------
Variable Name: fsetpos:
Definition: extern int fsetpos$1_1$4_5$(FILE$1_1$4_15$ *, const fpos_t$1_1$4_16$ *)

-------------
Variable Name: fseek:
Definition: extern int fseek$1_1$4_6$(FILE$1_1$4_15$ *, long , int )

-------------
Variable Name: puts:
Definition: extern int puts$1_1$4_7$(const char *)

-------------
Variable Name: fputs:
Definition: extern int fputs$1_1$4_8$(const char *, FILE$1_1$4_15$ *)

-------------
Variable Name: vsnprintf:
Definition: extern int vsnprintf$1_1$4_9$(char *, size_t$1_1$1_8$ , const char *, __va_list$1_1$1_9$ )

-------------
Variable Name: vprintf:
Definition: extern int vprintf$1_1$4_10$(const char *, __va_list$1_1$1_9$ )

-------------
Variable Name: sscanf:
Definition: extern int sscanf$1_1$4_11$(const char *, const char *, ...)

-------------
Variable Name: setvbuf:
Definition: extern int setvbuf$1_1$4_12$(FILE$1_1$4_15$ *, char *, int , size_t$1_1$1_8$ )

-------------
Variable Name: freopen:
Definition: extern FILE$1_1$4_15$ *freopen$1_1$4_13$(const char *, const char *, FILE$1_1$4_15$ *)

-------------
Variable Name: tmpnam:
Definition: extern char *tmpnam$1_1$4_14$(char *)

-------------
Typedef Name: FILE:
Definition: typedef struct {
  int _cnt$1_1_1$3_1$;
  unsigned char *_ptr$1_1_1$0_1$;
  unsigned char *_base$1_1_1$3_0$;
  unsigned char _flag$1_1_1$0_0$;
  unsigned char _file$1_1_1$4_0$;
}FILE$1_1$4_15$

-------------
Typedef Name: fpos_t:
Definition: typedef long fpos_t$1_1$4_16$

-------------

level: 3  nsyms: 5  nchild: 0
Scope Id: 1_1_1
HashTab:  #entries: 5  size: 5
[0]: Variable Name: _flag:
Definition: unsigned char _flag$1_1_1$0_0$
Container:
struct {
  int _cnt$1_1_1$3_1$;
  unsigned char *_ptr$1_1_1$0_1$;
  unsigned char *_base$1_1_1$3_0$;
  unsigned char _flag$1_1_1$0_0$;
  unsigned char _file$1_1_1$4_0$;
}
-------------
Variable Name: _ptr:
Definition: unsigned char *_ptr$1_1_1$0_1$
Container:
struct {
  int _cnt$1_1_1$3_1$;
  unsigned char *_ptr$1_1_1$0_1$;
  unsigned char *_base$1_1_1$3_0$;
  unsigned char _flag$1_1_1$0_0$;
  unsigned char _file$1_1_1$4_0$;
}
-------------

[3]: Variable Name: _base:
Definition: unsigned char *_base$1_1_1$3_0$
Container:
struct {
  int _cnt$1_1_1$3_1$;
  unsigned char *_ptr$1_1_1$0_1$;
  unsigned char *_base$1_1_1$3_0$;
  unsigned char _flag$1_1_1$0_0$;
  unsigned char _file$1_1_1$4_0$;
}
-------------
Variable Name: _cnt:
Definition: int _cnt$1_1_1$3_1$
Container:
struct {
  int _cnt$1_1_1$3_1$;
  unsigned char *_ptr$1_1_1$0_1$;
  unsigned char *_base$1_1_1$3_0$;
  unsigned char _flag$1_1_1$0_0$;
  unsigned char _file$1_1_1$4_0$;
}
-------------

[4]: Variable Name: _file:
Definition: unsigned char _file$1_1_1$4_0$
Container:
struct {
  int _cnt$1_1_1$3_1$;
  unsigned char *_ptr$1_1_1$0_1$;
  unsigned char *_base$1_1_1$3_0$;
  unsigned char _flag$1_1_1$0_0$;
  unsigned char _file$1_1_1$4_0$;
}
-------------

level: 3  nsyms: 1  nchild: 0
Scope Id: 1_1_2
HashTab:  #entries: 1  size: 5
[0]: Variable Name: hi:
Definition: int hi$1_1_2$0_0$
Container:
struct fob$1_1$2_0${
  int hi$1_1_2$0_0$;
}
-------------

level: 3  nsyms: 1  nchild: 0
Scope Id: 1_1_3
HashTab:  #entries: 1  size: 5
[4]: Parameter Name: val:
Definition: int val$1_1_3$4_0$

-------------

level: 3  nsyms: 1  nchild: 0
Scope Id: 1_1_4
HashTab:  #entries: 1  size: 5
[1]: Parameter Name: argc:
Definition: int argc$1_1$1_0$

-------------


-------------
Tags:
-------------
Symbol Table:
level: 1  nsyms: 0  nchild: 1
Scope Id: 1
HashTab: NULL
level: 2  nsyms: 1  nchild: 0
Scope Id: 1_1
HashTab:  #entries: 1  size: 5
[2]: Tag Name: fob:
Definition: struct fob$1_1$2_0${
  int hi$1_1_2$0_0$;
}

-------------


-------------
Labels:
-------------
Symbol Table:
level: 1  nsyms: 0  nchild: 0
Scope Id: 1
HashTab: NULL

-------------
