
struct st$1_1$1_0${
  int a$1_1_1$2_0$;
}x$1_1$0_1$;
int f2$1_1$4_1$(struct st$1_1$1_0$ y$1_1_2$1_0$)
{
  struct st$1_1$1_0$ ;
  struct st2$1_1_1$3_0${
    struct st$1_1$1_0$ *c$1_1_2_1$4_0$;
  }z$1_1_2$2_1$;
  void g1$1_1_2$0_0$(struct st2$1_1_1$3_0$ *);
  int g2$1_1_2$2_0$(struct st$1_1$1_0$ *, int );

  g1$1_1_2$0_0$(&z$1_1_2$2_1$);
  return g2$1_1_2$2_0$(z$1_1_2$2_1$.c$1_1_2_1$4_0$,x$1_1$0_1$.a$1_1_1$2_0$ + y$1_1_2$1_0$.a);
}

int f3$1_1$0_0$(struct st$1_1$1_0$ y$1_1_3$1_0$)
{
  struct st$1_1$1_0$ ;
  struct st$1_1$1_0${
    int c$1_1_3_1$4_0$;
  }z$1_1_3$2_0$;

  z$1_1_3$2_0$.c$1_1_3_1$4_0$ = x$1_1$0_1$.a$1_1_1$2_0$ + y$1_1_3$1_0$.a;
  return z$1_1_3$2_0$.c$1_1_3_1$4_0$;
}

int f4$1_1$3_0$(struct st$1_1$1_0$ y$1_1_4$1_0$)
{
  struct st$1_1$1_0$ ;
  struct st2$1_1_2$3_0${
    struct st$1_1$1_0$ *c$1_1_4_1$4_0$;
  }z$1_1_4$2_1$;
  struct st$1_1$1_0${
    int b$1_1_4_2$3_0$;
  };
  void gg1$1_1_4$0_0$(struct st2$1_1_2$3_0$ *);
  int gg2$1_1_4$2_0$(struct st$1_1$1_0$ *, int );

  gg1$1_1_4$0_0$(&z$1_1_4$2_1$);
  x$1_1$0_1$.a$1_1_1$2_0$ = z$1_1_4$2_1$.c$1_1_4_1$4_0$->b;
  return gg2$1_1_4$2_0$(z$1_1_4$2_1$.c$1_1_4_1$4_0$,x$1_1$0_1$.a$1_1_1$2_0$ + y$1_1_4$1_0$.a);
}

int f5$1_1$4_0$(struct st$1_1$1_0$ y$1_1_5$1_0$)
{
  struct st$1_1$1_0$ ;
  struct st2$1_1_3$3_0${
    struct st$1_1$1_0$ *c$1_1_5_1$4_0$;
  }z$1_1_5$2_0$;
  void ggg1$1_1_5$3_0$(struct st2$1_1_3$3_0$ *);
  int ggg2$1_1_5$0_0$(struct st$1_1$1_0$ *, int );

  ggg1$1_1_5$3_0$(&z$1_1_5$2_0$);
  x$1_1$0_1$.a$1_1_1$2_0$ = z$1_1_5$2_0$.c$1_1_5_1$4_0$->a;
  return ggg2$1_1_5$0_0$(z$1_1_5$2_0$.c$1_1_5_1$4_0$,x$1_1$0_1$.a$1_1_1$2_0$ + y$1_1_5$1_0$.a);
}


Symbols:
-------------
Symbol Table:
level: 1  nsyms: 2  nchild: 1
Scope Id: 1
HashTab:  #entries: 2  size: 5
[3]: Variable Name: __PRETTY_FUNCTION__:
Definition: NO definition for Variable entry


-------------

[4]: Variable Name: __FUNCTION__:
Definition: NO definition for Variable entry


-------------

level: 2  nsyms: 5  nchild: 5
Scope Id: 1_1
HashTab:  #entries: 5  size: 5
[0]: Variable Name: f3:
Definition: int f3$1_1$0_0$(struct st$1_1$1_0$ y$1_1_3$1_0$)

-------------
Variable Name: x:
Definition: struct st$1_1$1_0${
  int a$1_1_1$2_0$;
}x$1_1$0_1$

-------------

[3]: Variable Name: f4:
Definition: int f4$1_1$3_0$(struct st$1_1$1_0$ y$1_1_4$1_0$)

-------------

[4]: Variable Name: f5:
Definition: int f5$1_1$4_0$(struct st$1_1$1_0$ y$1_1_5$1_0$)

-------------
Variable Name: f2:
Definition: int f2$1_1$4_1$(struct st$1_1$1_0$ y$1_1_2$1_0$)

-------------

level: 3  nsyms: 1  nchild: 0
Scope Id: 1_1_1
HashTab:  #entries: 1  size: 5
[2]: Variable Name: a:
Definition: int a$1_1_1$2_0$
Container:
struct st$1_1$1_0${
  int a$1_1_1$2_0$;
}
-------------

level: 3  nsyms: 4  nchild: 1
Scope Id: 1_1_2
HashTab:  #entries: 4  size: 5
[0]: Variable Name: g1:
Definition: void g1$1_1_2$0_0$(struct st2$1_1_1$3_0$ *)

-------------

[1]: Parameter Name: y:
Definition: struct st$1_1$1_0$ y$1_1_2$1_0$

-------------

[2]: Variable Name: g2:
Definition: int g2$1_1_2$2_0$(struct st$1_1$1_0$ *, int )

-------------
Variable Name: z:
Definition: struct st2$1_1_1$3_0${
  struct st$1_1$1_0$ *c$1_1_2_1$4_0$;
}z$1_1_2$2_1$

-------------

level: 4  nsyms: 1  nchild: 0
Scope Id: 1_1_2_1
HashTab:  #entries: 1  size: 5
[4]: Variable Name: c:
Definition: struct st$1_1$1_0$ *c$1_1_2_1$4_0$
Container:
struct st2$1_1_1$3_0${
  struct st$1_1$1_0$ *c$1_1_2_1$4_0$;
}
-------------

level: 3  nsyms: 2  nchild: 1
Scope Id: 1_1_3
HashTab:  #entries: 2  size: 5
[1]: Parameter Name: y:
Definition: struct st$1_1$1_0$ y$1_1_3$1_0$

-------------

[2]: Variable Name: z:
Definition: struct st$1_1$1_0${
  int c$1_1_3_1$4_0$;
}z$1_1_3$2_0$

-------------

level: 4  nsyms: 1  nchild: 0
Scope Id: 1_1_3_1
HashTab:  #entries: 1  size: 5
[4]: Variable Name: c:
Definition: int c$1_1_3_1$4_0$
Container:
struct st$1_1$1_0${
  int c$1_1_3_1$4_0$;
}
-------------

level: 3  nsyms: 4  nchild: 2
Scope Id: 1_1_4
HashTab:  #entries: 4  size: 5
[0]: Variable Name: gg1:
Definition: void gg1$1_1_4$0_0$(struct st2$1_1_2$3_0$ *)

-------------

[1]: Parameter Name: y:
Definition: struct st$1_1$1_0$ y$1_1_4$1_0$

-------------

[2]: Variable Name: gg2:
Definition: int gg2$1_1_4$2_0$(struct st$1_1$1_0$ *, int )

-------------
Variable Name: z:
Definition: struct st2$1_1_2$3_0${
  struct st$1_1$1_0$ *c$1_1_4_1$4_0$;
}z$1_1_4$2_1$

-------------

level: 4  nsyms: 1  nchild: 0
Scope Id: 1_1_4_1
HashTab:  #entries: 1  size: 5
[4]: Variable Name: c:
Definition: struct st$1_1$1_0$ *c$1_1_4_1$4_0$
Container:
struct st2$1_1_2$3_0${
  struct st$1_1$1_0$ *c$1_1_4_1$4_0$;
}
-------------

level: 4  nsyms: 1  nchild: 0
Scope Id: 1_1_4_2
HashTab:  #entries: 1  size: 5
[3]: Variable Name: b:
Definition: int b$1_1_4_2$3_0$
Container:
struct st$1_1$1_0${
  int b$1_1_4_2$3_0$;
}
-------------

level: 3  nsyms: 4  nchild: 1
Scope Id: 1_1_5
HashTab:  #entries: 4  size: 5
[0]: Variable Name: ggg2:
Definition: int ggg2$1_1_5$0_0$(struct st$1_1$1_0$ *, int )

-------------

[1]: Parameter Name: y:
Definition: struct st$1_1$1_0$ y$1_1_5$1_0$

-------------

[2]: Variable Name: z:
Definition: struct st2$1_1_3$3_0${
  struct st$1_1$1_0$ *c$1_1_5_1$4_0$;
}z$1_1_5$2_0$

-------------

[3]: Variable Name: ggg1:
Definition: void ggg1$1_1_5$3_0$(struct st2$1_1_3$3_0$ *)

-------------

level: 4  nsyms: 1  nchild: 0
Scope Id: 1_1_5_1
HashTab:  #entries: 1  size: 5
[4]: Variable Name: c:
Definition: struct st$1_1$1_0$ *c$1_1_5_1$4_0$
Container:
struct st2$1_1_3$3_0${
  struct st$1_1$1_0$ *c$1_1_5_1$4_0$;
}
-------------


-------------
Tags:
-------------
Symbol Table:
level: 1  nsyms: 0  nchild: 1
Scope Id: 1
HashTab: NULL
level: 2  nsyms: 1  nchild: 3
Scope Id: 1_1
HashTab:  #entries: 1  size: 5
[1]: Tag Name: st:
Definition: struct st$1_1$1_0${
  int b$1_1_4_2$3_0$;
}

-------------

level: 3  nsyms: 1  nchild: 0
Scope Id: 1_1_1
HashTab:  #entries: 1  size: 5
[3]: Tag Name: st2:
Definition: struct st2$1_1_1$3_0${
  struct st$1_1$1_0$ *c$1_1_2_1$4_0$;
}

-------------

level: 3  nsyms: 1  nchild: 0
Scope Id: 1_1_2
HashTab:  #entries: 1  size: 5
[3]: Tag Name: st2:
Definition: struct st2$1_1_2$3_0${
  struct st$1_1$1_0$ *c$1_1_4_1$4_0$;
}

-------------

level: 3  nsyms: 1  nchild: 0
Scope Id: 1_1_3
HashTab:  #entries: 1  size: 5
[3]: Tag Name: st2:
Definition: struct st2$1_1_3$3_0${
  struct st$1_1$1_0$ *c$1_1_5_1$4_0$;
}

-------------


-------------
Labels:
-------------
Symbol Table:
level: 1  nsyms: 0  nchild: 0
Scope Id: 1
HashTab: NULL

-------------
